Archive member included to satisfy reference by file (symbol)

/usr/lib/gcc/arm-none-eabi/7.3.1/thumb/v6-m/libgcc.a(_dvmd_tls.o)
                              CMakeFiles/SSD1306_test.dir/home/pi/pico/pico-sdk/src/rp2_common/pico_divider/divider.S.obj (__aeabi_idiv0)
/usr/lib/gcc/arm-none-eabi/7.3.1/../../../arm-none-eabi/lib/thumb/v6-m/libg.a(lib_a-atexit.o)
                              /usr/lib/gcc/arm-none-eabi/7.3.1/../../../arm-none-eabi/lib/thumb/v6-m/crt0.o (atexit)
/usr/lib/gcc/arm-none-eabi/7.3.1/../../../arm-none-eabi/lib/thumb/v6-m/libg.a(lib_a-calloc.o)
                              CMakeFiles/SSD1306_test.dir/home/pi/pico/pico-sdk/src/rp2_common/pico_malloc/pico_malloc.c.obj (calloc)
/usr/lib/gcc/arm-none-eabi/7.3.1/../../../arm-none-eabi/lib/thumb/v6-m/libg.a(lib_a-callocr.o)
                              /usr/lib/gcc/arm-none-eabi/7.3.1/../../../arm-none-eabi/lib/thumb/v6-m/libg.a(lib_a-calloc.o) (_calloc_r)
/usr/lib/gcc/arm-none-eabi/7.3.1/../../../arm-none-eabi/lib/thumb/v6-m/libg.a(lib_a-fini.o)
                              /usr/lib/gcc/arm-none-eabi/7.3.1/../../../arm-none-eabi/lib/thumb/v6-m/crt0.o (__libc_fini_array)
/usr/lib/gcc/arm-none-eabi/7.3.1/../../../arm-none-eabi/lib/thumb/v6-m/libg.a(lib_a-impure.o)
                              /usr/lib/gcc/arm-none-eabi/7.3.1/../../../arm-none-eabi/lib/thumb/v6-m/libg.a(lib_a-calloc.o) (_impure_ptr)
/usr/lib/gcc/arm-none-eabi/7.3.1/../../../arm-none-eabi/lib/thumb/v6-m/libg.a(lib_a-init.o)
                              /usr/lib/gcc/arm-none-eabi/7.3.1/../../../arm-none-eabi/lib/thumb/v6-m/crt0.o (__libc_init_array)
/usr/lib/gcc/arm-none-eabi/7.3.1/../../../arm-none-eabi/lib/thumb/v6-m/libg.a(lib_a-malloc.o)
                              CMakeFiles/SSD1306_test.dir/home/pi/pico/pico-sdk/src/rp2_common/pico_malloc/pico_malloc.c.obj (malloc)
/usr/lib/gcc/arm-none-eabi/7.3.1/../../../arm-none-eabi/lib/thumb/v6-m/libg.a(lib_a-mallocr.o)
                              /usr/lib/gcc/arm-none-eabi/7.3.1/../../../arm-none-eabi/lib/thumb/v6-m/libg.a(lib_a-callocr.o) (_malloc_r)
/usr/lib/gcc/arm-none-eabi/7.3.1/../../../arm-none-eabi/lib/thumb/v6-m/libg.a(lib_a-mlock.o)
                              /usr/lib/gcc/arm-none-eabi/7.3.1/../../../arm-none-eabi/lib/thumb/v6-m/libg.a(lib_a-mallocr.o) (__malloc_lock)
/usr/lib/gcc/arm-none-eabi/7.3.1/../../../arm-none-eabi/lib/thumb/v6-m/libg.a(lib_a-sbrkr.o)
                              /usr/lib/gcc/arm-none-eabi/7.3.1/../../../arm-none-eabi/lib/thumb/v6-m/libg.a(lib_a-mallocr.o) (_sbrk_r)
/usr/lib/gcc/arm-none-eabi/7.3.1/../../../arm-none-eabi/lib/thumb/v6-m/libg.a(lib_a-strlen-stub.o)
                              CMakeFiles/SSD1306_test.dir/OLED_128X64.c.obj (strlen)
/usr/lib/gcc/arm-none-eabi/7.3.1/../../../arm-none-eabi/lib/thumb/v6-m/libg.a(lib_a-__atexit.o)
                              /usr/lib/gcc/arm-none-eabi/7.3.1/../../../arm-none-eabi/lib/thumb/v6-m/libg.a(lib_a-atexit.o) (__register_exitproc)
/usr/lib/gcc/arm-none-eabi/7.3.1/../../../arm-none-eabi/lib/thumb/v6-m/libg.a(lib_a-freer.o)
                              /usr/lib/gcc/arm-none-eabi/7.3.1/../../../arm-none-eabi/lib/thumb/v6-m/libg.a(lib_a-malloc.o) (_free_r)
/usr/lib/gcc/arm-none-eabi/7.3.1/../../../arm-none-eabi/lib/thumb/v6-m/libg.a(lib_a-reent.o)
                              /usr/lib/gcc/arm-none-eabi/7.3.1/../../../arm-none-eabi/lib/thumb/v6-m/libg.a(lib_a-sbrkr.o) (errno)

Allocating common symbols
Common symbol       size              file

sf_table            0x100             CMakeFiles/SSD1306_test.dir/home/pi/pico/pico-sdk/src/rp2_common/pico_float/float_init_rom.c.obj
errno               0x4               /usr/lib/gcc/arm-none-eabi/7.3.1/../../../arm-none-eabi/lib/thumb/v6-m/libg.a(lib_a-reent.o)
font                0x4               CMakeFiles/SSD1306_test.dir/OLED_128X64.c.obj
_cursor_x           0x4               CMakeFiles/SSD1306_test.dir/OLED_128X64.c.obj
_console_font_data  0x4               CMakeFiles/SSD1306_test.dir/OLED_128X64.c.obj
font2               0x4               CMakeFiles/SSD1306_test.dir/OLED_128X64.c.obj
Oled_RAM            0x400             CMakeFiles/SSD1306_test.dir/OLED_128X64.c.obj
_console_font_width
                    0x4               CMakeFiles/SSD1306_test.dir/OLED_128X64.c.obj
max                 0x1               CMakeFiles/SSD1306_test.dir/OLED_128X64.c.obj
sf_clz_func         0x4               CMakeFiles/SSD1306_test.dir/home/pi/pico/pico-sdk/src/rp2_common/pico_float/float_init_rom.c.obj
min                 0x1               CMakeFiles/SSD1306_test.dir/OLED_128X64.c.obj
_double_height_text
                    0x4               CMakeFiles/SSD1306_test.dir/OLED_128X64.c.obj
sd_table            0x100             CMakeFiles/SSD1306_test.dir/home/pi/pico/pico-sdk/src/rp2_common/pico_double/double_init_rom.c.obj
uart_char_to_line_feed
                    0x4               CMakeFiles/SSD1306_test.dir/home/pi/pico/pico-sdk/src/rp2_common/hardware_uart/uart.c.obj
[...]
Memory Configuration

Name             Origin             Length             Attributes
FLASH            0x10000000         0x00200000         xr
RAM              0x20000000         0x00040000         xrw
SCRATCH_X        0x20040000         0x00001000         xrw
SCRATCH_Y        0x20041000         0x00001000         xrw
*default*        0x00000000         0xffffffff

Linker script and memory map

LOAD /usr/lib/gcc/arm-none-eabi/7.3.1/thumb/v6-m/crti.o
LOAD /usr/lib/gcc/arm-none-eabi/7.3.1/thumb/v6-m/crtbegin.o
LOAD /usr/lib/gcc/arm-none-eabi/7.3.1/../../../arm-none-eabi/lib/thumb/v6-m/crt0.o

.flash_begin    0x10000000        0x0
                0x10000000                __flash_binary_start = .

.boot2          0x10000000      0x100
                0x10000000                __boot2_start__ = .
 *(.boot2)
 .boot2         0x10000000      0x100 /tmp/cc8LSO91.o
                0x10000100                __boot2_end__ = .
                0x00000001                ASSERT (((__boot2_end__ - __boot2_start__) == 0x100), ERROR: Pico second stage bootloader must be 256 bytes in size)

.text           0x10000100     0x4b18
                0x10000100                __logical_binary_start = .
 *(.vectors)
 .vectors       0x10000100       0xd4 CMakeFiles/SSD1306_test.dir/home/pi/pico/pico-sdk/src/rp2_common/pico_standard_link/crt0.S.obj
                0x10000100                __vectors
                0x10000100                __VECTOR_TABLE
                0x100001c0                isr_invalid
                0x100001c0                __default_isrs_start
                0x100001c2                isr_nmi
                0x100001c4                isr_hardfault
                0x100001c6                isr_svcall
                0x100001c8                isr_pendsv
                0x100001ca                isr_systick
                0x100001cc                isr_irq30
                0x100001cc                __unhandled_user_irq
                0x100001cc                isr_irq13
                0x100001cc                isr_irq27
                0x100001cc                isr_irq31
                0x100001cc                isr_irq5
                0x100001cc                isr_irq11
                0x100001cc                isr_irq23
                0x100001cc                isr_irq18
                0x100001cc                isr_irq28
                0x100001cc                isr_irq19
                0x100001cc                isr_irq0
                0x100001cc                isr_irq6
                0x100001cc                isr_irq22
                0x100001cc                isr_irq17
                0x100001cc                isr_irq14
                0x100001cc                isr_irq2
                0x100001cc                isr_irq10
                0x100001cc                isr_irq8
                0x100001cc                isr_irq24
                0x100001cc                isr_irq1
                0x100001cc                isr_irq7
                0x100001cc                isr_irq21
                0x100001cc                isr_irq20
                0x100001cc                isr_irq15
                0x100001cc                isr_irq25
                0x100001cc                isr_irq4
                0x100001cc                isr_irq16
                0x100001cc                isr_irq29
                0x100001cc                isr_irq26
                0x100001cc                __default_isrs_end
                0x100001cc                isr_irq3
                0x100001cc                isr_irq12
                0x100001cc                isr_irq9
                0x100001d2                unhandled_user_irq_num_in_r0
 *(.binary_info_header)
 .binary_info_header
                0x100001d4       0x14 CMakeFiles/SSD1306_test.dir/home/pi/pico/pico-sdk/src/rp2_common/pico_standard_link/crt0.S.obj
                0x100001e8                __binary_info_header_end = .
 *(.reset)
 .reset         0x100001e8       0xa8 CMakeFiles/SSD1306_test.dir/home/pi/pico/pico-sdk/src/rp2_common/pico_standard_link/crt0.S.obj
                0x100001e8                _entry_point
                0x10000266                __get_current_exception
 .reset         0x10000290       0x30 CMakeFiles/SSD1306_test.dir/home/pi/pico/pico-sdk/src/rp2_common/pico_standard_link/binary_info.c.obj
 *(.init)
 .init          0x100002c0        0x4 /usr/lib/gcc/arm-none-eabi/7.3.1/thumb/v6-m/crti.o
                0x100002c0                _init
 *(EXCLUDE_FILE(*libm.a: *libc.a:*lib_a-mem*.o *libgcc.a:) .text*)
 .text          0x100002c4       0x98 /usr/lib/gcc/arm-none-eabi/7.3.1/thumb/v6-m/crtbegin.o
 .text.main     0x1000035c      0x310 CMakeFiles/SSD1306_test.dir/SSD1306_test.c.obj
                0x1000035c                main
 .text.Oled_Delay
                0x1000066c       0x10 CMakeFiles/SSD1306_test.dir/OLED_128X64.c.obj
                0x1000066c                Oled_Delay
 .text.Oled_Command
                0x1000067c       0x2c CMakeFiles/SSD1306_test.dir/OLED_128X64.c.obj
                0x1000067c                Oled_Command
 .text.Oled_Command_seq
                0x100006a8       0x24 CMakeFiles/SSD1306_test.dir/OLED_128X64.c.obj
                0x100006a8                Oled_Command_seq
 .text.Oled_WriteRam
                0x100006cc       0x2c CMakeFiles/SSD1306_test.dir/OLED_128X64.c.obj
                0x100006cc                Oled_WriteRam
 .text.Oled_SetPointer
                0x100006f8       0x2a CMakeFiles/SSD1306_test.dir/OLED_128X64.c.obj
                0x100006f8                Oled_SetPointer
 *fill*         0x10000722        0x2 
 .text.Oled_SetFont
                0x10000724       0x34 CMakeFiles/SSD1306_test.dir/OLED_128X64.c.obj
                0x10000724                Oled_SetFont
 .text.Oled_WriteChar
                0x10000758       0xac CMakeFiles/SSD1306_test.dir/OLED_128X64.c.obj
                0x10000758                Oled_WriteChar
 .text.Oled_ConstText
                0x10000804       0x28 CMakeFiles/SSD1306_test.dir/OLED_128X64.c.obj
                0x10000804                Oled_ConstText
 .text.Oled_Text
                0x1000082c       0x28 CMakeFiles/SSD1306_test.dir/OLED_128X64.c.obj
                0x1000082c                Oled_Text
 .text.Oled_ConstTextScroll
                0x10000854       0xa8 CMakeFiles/SSD1306_test.dir/OLED_128X64.c.obj
                0x10000854                Oled_ConstTextScroll
 .text.Oled_ResetScroll
                0x100008fc       0x14 CMakeFiles/SSD1306_test.dir/OLED_128X64.c.obj
                0x100008fc                Oled_ResetScroll
 .text.Oled_FillScreen
                0x10000910       0x3c CMakeFiles/SSD1306_test.dir/OLED_128X64.c.obj
                0x10000910                Oled_FillScreen
 .text.Oled_Init
                0x1000094c       0x74 CMakeFiles/SSD1306_test.dir/OLED_128X64.c.obj
                0x1000094c                Oled_Init
 .text.Oled_Image
                0x100009c0       0x40 CMakeFiles/SSD1306_test.dir/OLED_128X64.c.obj
                0x100009c0                Oled_Image
 .text.Oled_Icon
                0x10000a00       0x7c CMakeFiles/SSD1306_test.dir/OLED_128X64.c.obj
                0x10000a00                Oled_Icon
 .text.Oled_InvertRam
                0x10000a7c       0x4c CMakeFiles/SSD1306_test.dir/OLED_128X64.c.obj
                0x10000a7c                Oled_InvertRam
 .text.Oled_Pixel
                0x10000ac8       0x80 CMakeFiles/SSD1306_test.dir/OLED_128X64.c.obj
                0x10000ac8                Oled_Pixel
 .text.Oled_Line
                0x10000b48       0xc8 CMakeFiles/SSD1306_test.dir/OLED_128X64.c.obj
                0x10000b48                Oled_Line
 .text.Oled_Rectangle
                0x10000c10       0x46 CMakeFiles/SSD1306_test.dir/OLED_128X64.c.obj
                0x10000c10                Oled_Rectangle
 .text.Oled_Circle
                0x10000c56       0xc2 CMakeFiles/SSD1306_test.dir/OLED_128X64.c.obj
                0x10000c56                Oled_Circle
 .text.gpio_set_function
                0x10000d18       0x30 CMakeFiles/SSD1306_test.dir/home/pi/pico/pico-sdk/src/rp2_common/hardware_gpio/gpio.c.obj
                0x10000d18                gpio_set_function
 .text.gpio_init
                0x10000d48       0x16 CMakeFiles/SSD1306_test.dir/home/pi/pico/pico-sdk/src/rp2_common/hardware_gpio/gpio.c.obj
                0x10000d48                gpio_init
 *fill*         0x10000d5e        0x2 
 .text.hw_claim_lock
                0x10000d60       0x18 CMakeFiles/SSD1306_test.dir/home/pi/pico/pico-sdk/src/rp2_common/hardware_claim/claim.c.obj
                0x10000d60                hw_claim_lock
 .text.hw_claim_unlock
                0x10000d78       0x14 CMakeFiles/SSD1306_test.dir/home/pi/pico/pico-sdk/src/rp2_common/hardware_claim/claim.c.obj
                0x10000d78                hw_claim_unlock
 .text.hw_claim_or_assert
                0x10000d8c       0x32 CMakeFiles/SSD1306_test.dir/home/pi/pico/pico-sdk/src/rp2_common/hardware_claim/claim.c.obj
                0x10000d8c                hw_claim_or_assert
 *fill*         0x10000dbe        0x2 
 .text.running_on_fpga
                0x10000dc0       0x14 CMakeFiles/SSD1306_test.dir/home/pi/pico/pico-sdk/src/rp2_common/pico_platform/platform.c.obj
                0x10000dc0                running_on_fpga
 .text.spin_locks_reset
                0x10000dd4       0x20 CMakeFiles/SSD1306_test.dir/home/pi/pico/pico-sdk/src/rp2_common/hardware_sync/sync.c.obj
                0x10000dd4                spin_locks_reset
 .text.next_striped_spin_lock_num
                0x10000df4       0x1c CMakeFiles/SSD1306_test.dir/home/pi/pico/pico-sdk/src/rp2_common/hardware_sync/sync.c.obj
                0x10000df4                next_striped_spin_lock_num
 .text.alarm_pool_post_alloc_init
                0x10000e10       0x40 CMakeFiles/SSD1306_test.dir/home/pi/pico/pico-sdk/src/common/pico_time/time.c.obj
 .text.sleep_until_callback
                0x10000e50       0x30 CMakeFiles/SSD1306_test.dir/home/pi/pico/pico-sdk/src/common/pico_time/time.c.obj
 .text.timer_pool_entry_comparator
                0x10000e80       0x7c CMakeFiles/SSD1306_test.dir/home/pi/pico/pico-sdk/src/common/pico_time/time.c.obj
                0x10000e80                timer_pool_entry_comparator
 .text.ph_add_child_node
                0x10000efc       0xa4 CMakeFiles/SSD1306_test.dir/home/pi/pico/pico-sdk/src/common/pico_time/time.c.obj
 .text.ph_merge_nodes
                0x10000fa0       0x3a CMakeFiles/SSD1306_test.dir/home/pi/pico/pico-sdk/src/common/pico_time/time.c.obj
 *fill*         0x10000fda        0x2 
 .text.add_alarm_under_lock
                0x10000fdc      0x180 CMakeFiles/SSD1306_test.dir/home/pi/pico/pico-sdk/src/common/pico_time/time.c.obj
 .text.alarm_pool_alarm_callback
                0x1000115c      0x344 CMakeFiles/SSD1306_test.dir/home/pi/pico/pico-sdk/src/common/pico_time/time.c.obj
 .text.alarm_pool_init_default
                0x100014a0       0x38 CMakeFiles/SSD1306_test.dir/home/pi/pico/pico-sdk/src/common/pico_time/time.c.obj
                0x100014a0                alarm_pool_init_default
 .text.alarm_pool_get_default
                0x100014d8       0x2c CMakeFiles/SSD1306_test.dir/home/pi/pico/pico-sdk/src/common/pico_time/time.c.obj
                0x100014d8                alarm_pool_get_default
 .text.alarm_pool_add_alarm_at
                0x10001504      0x168 CMakeFiles/SSD1306_test.dir/home/pi/pico/pico-sdk/src/common/pico_time/time.c.obj
                0x10001504                alarm_pool_add_alarm_at
 .text.sleep_until
                0x1000166c       0xfc CMakeFiles/SSD1306_test.dir/home/pi/pico/pico-sdk/src/common/pico_time/time.c.obj
                0x1000166c                sleep_until
 .text.sleep_us
                0x10001768       0x54 CMakeFiles/SSD1306_test.dir/home/pi/pico/pico-sdk/src/common/pico_time/time.c.obj
                0x10001768                sleep_us
 .text.sleep_ms
                0x100017bc       0x14 CMakeFiles/SSD1306_test.dir/home/pi/pico/pico-sdk/src/common/pico_time/time.c.obj
                0x100017bc                sleep_ms
 .text.hardware_alarm_irq_handler
                0x100017d0       0x8c CMakeFiles/SSD1306_test.dir/home/pi/pico/pico-sdk/src/rp2_common/hardware_timer/timer.c.obj
 .text.hardware_alarm_claim
                0x1000185c       0x18 CMakeFiles/SSD1306_test.dir/home/pi/pico/pico-sdk/src/rp2_common/hardware_timer/timer.c.obj
                0x1000185c                hardware_alarm_claim
 .text.time_us_64
                0x10001874       0x18 CMakeFiles/SSD1306_test.dir/home/pi/pico/pico-sdk/src/rp2_common/hardware_timer/timer.c.obj
                0x10001874                time_us_64
 .text.busy_wait_until
                0x1000188c       0x28 CMakeFiles/SSD1306_test.dir/home/pi/pico/pico-sdk/src/rp2_common/hardware_timer/timer.c.obj
                0x1000188c                busy_wait_until
 .text.hardware_alarm_set_callback
                0x100018b4       0x90 CMakeFiles/SSD1306_test.dir/home/pi/pico/pico-sdk/src/rp2_common/hardware_timer/timer.c.obj
                0x100018b4                hardware_alarm_set_callback
 .text.hardware_alarm_set_target
                0x10001944       0xe8 CMakeFiles/SSD1306_test.dir/home/pi/pico/pico-sdk/src/rp2_common/hardware_timer/timer.c.obj
                0x10001944                hardware_alarm_set_target
 .text.hardware_alarm_cancel
                0x10001a2c       0x40 CMakeFiles/SSD1306_test.dir/home/pi/pico/pico-sdk/src/rp2_common/hardware_timer/timer.c.obj
                0x10001a2c                hardware_alarm_cancel
 .text.lock_init
                0x10001a6c       0x10 CMakeFiles/SSD1306_test.dir/home/pi/pico/pico-sdk/src/common/pico_sync/lock_core.c.obj
                0x10001a6c                lock_init
 .text.mutex_init_internal
                0x10001a7c       0x1e CMakeFiles/SSD1306_test.dir/home/pi/pico/pico-sdk/src/common/pico_sync/mutex.c.obj
 .text.mutex_init
                0x10001a9a        0xa CMakeFiles/SSD1306_test.dir/home/pi/pico/pico-sdk/src/common/pico_sync/mutex.c.obj
                0x10001a9a                mutex_init
 .text.recursive_mutex_init
                0x10001aa4        0xa CMakeFiles/SSD1306_test.dir/home/pi/pico/pico-sdk/src/common/pico_sync/mutex.c.obj
                0x10001aa4                recursive_mutex_init
 *fill*         0x10001aae        0x2 
 .text.ph_add_child_node
                0x10001ab0       0xa4 CMakeFiles/SSD1306_test.dir/home/pi/pico/pico-sdk/src/common/pico_util/pheap.c.obj
 .text.ph_merge_nodes
                0x10001b54       0x3a CMakeFiles/SSD1306_test.dir/home/pi/pico/pico-sdk/src/common/pico_util/pheap.c.obj
 *fill*         0x10001b8e        0x2 
 .text.ph_clear
                0x10001b90       0x70 CMakeFiles/SSD1306_test.dir/home/pi/pico/pico-sdk/src/common/pico_util/pheap.c.obj
                0x10001b90                ph_clear
 .text.ph_post_alloc_init
                0x10001c00        0xe CMakeFiles/SSD1306_test.dir/home/pi/pico/pico-sdk/src/common/pico_util/pheap.c.obj
                0x10001c00                ph_post_alloc_init
 *fill*         0x10001c0e        0x2 
 .text.ph_merge_two_pass
                0x10001c10       0xac CMakeFiles/SSD1306_test.dir/home/pi/pico/pico-sdk/src/common/pico_util/pheap.c.obj
                0x10001c10                ph_merge_two_pass
 .text.ph_remove_any_head
                0x10001cbc      0x108 CMakeFiles/SSD1306_test.dir/home/pi/pico/pico-sdk/src/common/pico_util/pheap.c.obj
 .text.ph_remove_head
                0x10001dc4       0x14 CMakeFiles/SSD1306_test.dir/home/pi/pico/pico-sdk/src/common/pico_util/pheap.c.obj
                0x10001dc4                ph_remove_head
 .text.ph_remove_and_free_node
                0x10001dd8       0xf8 CMakeFiles/SSD1306_test.dir/home/pi/pico/pico-sdk/src/common/pico_util/pheap.c.obj
                0x10001dd8                ph_remove_and_free_node
 .text.runtime_init
                0x10001ed0       0xd8 CMakeFiles/SSD1306_test.dir/home/pi/pico/pico-sdk/src/rp2_common/pico_runtime/runtime.c.obj
                0x10001ed0                runtime_init
 .text._exit    0x10001fa8        0x4 CMakeFiles/SSD1306_test.dir/home/pi/pico/pico-sdk/src/rp2_common/pico_runtime/runtime.c.obj
                0x10001fa8                _exit
 .text.exit     0x10001fac        0x6 CMakeFiles/SSD1306_test.dir/home/pi/pico/pico-sdk/src/rp2_common/pico_runtime/runtime.c.obj
                0x10001fac                exit
 *fill*         0x10001fb2        0x2 
 .text.__assert_func
                0x10001fb4       0x3c CMakeFiles/SSD1306_test.dir/home/pi/pico/pico-sdk/src/rp2_common/pico_runtime/runtime.c.obj
                0x10001fb4                __assert_func
 .text.panic    0x10001ff0       0x30 CMakeFiles/SSD1306_test.dir/home/pi/pico/pico-sdk/src/rp2_common/pico_runtime/runtime.c.obj
                0x10001ff0                panic
 .text.clock_configure
                0x10002020       0xfc CMakeFiles/SSD1306_test.dir/home/pi/pico/pico-sdk/src/rp2_common/hardware_clocks/clocks.c.obj
                0x10002020                clock_configure
 .text.clocks_init
                0x1000211c      0x100 CMakeFiles/SSD1306_test.dir/home/pi/pico/pico-sdk/src/rp2_common/hardware_clocks/clocks.c.obj
                0x1000211c                clocks_init
 .text.clock_get_hz
                0x1000221c        0xc CMakeFiles/SSD1306_test.dir/home/pi/pico/pico-sdk/src/rp2_common/hardware_clocks/clocks.c.obj
                0x1000221c                clock_get_hz
 .text.set_raw_irq_handler_and_unlock
                0x10002228       0x28 CMakeFiles/SSD1306_test.dir/home/pi/pico/pico-sdk/src/rp2_common/hardware_irq/irq.c.obj
 .text.make_branch
                0x10002250       0x34 CMakeFiles/SSD1306_test.dir/home/pi/pico/pico-sdk/src/rp2_common/hardware_irq/irq.c.obj
 .text.insert_branch_and_link
                0x10002284       0x40 CMakeFiles/SSD1306_test.dir/home/pi/pico/pico-sdk/src/rp2_common/hardware_irq/irq.c.obj
 .text.irq_is_enabled
                0x100022c4       0x18 CMakeFiles/SSD1306_test.dir/home/pi/pico/pico-sdk/src/rp2_common/hardware_irq/irq.c.obj
                0x100022c4                irq_is_enabled
 .text.irq_set_mask_enabled
                0x100022dc       0x20 CMakeFiles/SSD1306_test.dir/home/pi/pico/pico-sdk/src/rp2_common/hardware_irq/irq.c.obj
                0x100022dc                irq_set_mask_enabled
 .text.irq_set_enabled
                0x100022fc        0xe CMakeFiles/SSD1306_test.dir/home/pi/pico/pico-sdk/src/rp2_common/hardware_irq/irq.c.obj
                0x100022fc                irq_set_enabled
 *fill*         0x1000230a        0x2 
 .text.irq_get_vtable_handler
                0x1000230c       0x10 CMakeFiles/SSD1306_test.dir/home/pi/pico/pico-sdk/src/rp2_common/hardware_irq/irq.c.obj
                0x1000230c                irq_get_vtable_handler
 .text.irq_set_exclusive_handler
                0x1000231c       0x54 CMakeFiles/SSD1306_test.dir/home/pi/pico/pico-sdk/src/rp2_common/hardware_irq/irq.c.obj
                0x1000231c                irq_set_exclusive_handler
 .text.irq_remove_handler
                0x10002370      0x1b4 CMakeFiles/SSD1306_test.dir/home/pi/pico/pico-sdk/src/rp2_common/hardware_irq/irq.c.obj
                0x10002370                irq_remove_handler
 .text.irq_set_priority
                0x10002524       0x28 CMakeFiles/SSD1306_test.dir/home/pi/pico/pico-sdk/src/rp2_common/hardware_irq/irq.c.obj
                0x10002524                irq_set_priority
 .text.irq_add_tail_to_free_list
                0x1000254c       0xf0 CMakeFiles/SSD1306_test.dir/home/pi/pico/pico-sdk/src/rp2_common/hardware_irq/irq.c.obj
                0x1000254c                irq_add_tail_to_free_list
 .text.irq_init_priorities
                0x1000263c       0x16 CMakeFiles/SSD1306_test.dir/home/pi/pico/pico-sdk/src/rp2_common/hardware_irq/irq.c.obj
                0x1000263c                irq_init_priorities
 *fill*         0x10002652        0x2 
 .text.pll_init
                0x10002654      0x118 CMakeFiles/SSD1306_test.dir/home/pi/pico/pico-sdk/src/rp2_common/hardware_pll/pll.c.obj
                0x10002654                pll_init
 .text.watchdog_start_tick
                0x1000276c       0x10 CMakeFiles/SSD1306_test.dir/home/pi/pico/pico-sdk/src/rp2_common/hardware_watchdog/watchdog.c.obj
                0x1000276c                watchdog_start_tick
 .text.xosc_init
                0x1000277c       0x28 CMakeFiles/SSD1306_test.dir/home/pi/pico/pico-sdk/src/rp2_common/hardware_xosc/xosc.c.obj
                0x1000277c                xosc_init
 .text._out_buffer
                0x100027a4        0x8 CMakeFiles/SSD1306_test.dir/home/pi/pico/pico-sdk/src/rp2_common/pico_printf/printf.c.obj
 .text._out_null
                0x100027ac        0x2 CMakeFiles/SSD1306_test.dir/home/pi/pico/pico-sdk/src/rp2_common/pico_printf/printf.c.obj
 .text._out_fct
                0x100027ae        0xe CMakeFiles/SSD1306_test.dir/home/pi/pico/pico-sdk/src/rp2_common/pico_printf/printf.c.obj
 .text._atoi    0x100027bc       0x24 CMakeFiles/SSD1306_test.dir/home/pi/pico/pico-sdk/src/rp2_common/pico_printf/printf.c.obj
 .text._out_rev
                0x100027e0       0x8c CMakeFiles/SSD1306_test.dir/home/pi/pico/pico-sdk/src/rp2_common/pico_printf/printf.c.obj
 .text._ntoa_format
                0x1000286c      0x112 CMakeFiles/SSD1306_test.dir/home/pi/pico/pico-sdk/src/rp2_common/pico_printf/printf.c.obj
 .text._ntoa_long
                0x1000297e       0x9e CMakeFiles/SSD1306_test.dir/home/pi/pico/pico-sdk/src/rp2_common/pico_printf/printf.c.obj
 .text._ntoa_long_long
                0x10002a1c       0xe2 CMakeFiles/SSD1306_test.dir/home/pi/pico/pico-sdk/src/rp2_common/pico_printf/printf.c.obj
 *fill*         0x10002afe        0x2 
 .text._etoa    0x10002b00      0x424 CMakeFiles/SSD1306_test.dir/home/pi/pico/pico-sdk/src/rp2_common/pico_printf/printf.c.obj
 .text._ftoa    0x10002f24      0x340 CMakeFiles/SSD1306_test.dir/home/pi/pico/pico-sdk/src/rp2_common/pico_printf/printf.c.obj
 .text._vsnprintf
                0x10003264      0x640 CMakeFiles/SSD1306_test.dir/home/pi/pico/pico-sdk/src/rp2_common/pico_printf/printf.c.obj
 .text.__wrap_sprintf
                0x100038a4       0x28 CMakeFiles/SSD1306_test.dir/home/pi/pico/pico-sdk/src/rp2_common/pico_printf/printf.c.obj
                0x100038a4                __wrap_sprintf
 .text.vfctprintf
                0x100038cc       0x20 CMakeFiles/SSD1306_test.dir/home/pi/pico/pico-sdk/src/rp2_common/pico_printf/printf.c.obj
                0x100038cc                vfctprintf
 .text          0x100038ec       0x10 CMakeFiles/SSD1306_test.dir/home/pi/pico/pico-sdk/src/rp2_common/pico_bit_ops/bit_ops_aeabi.S.obj
 .text.rom_func_lookup
                0x100038fc       0x10 CMakeFiles/SSD1306_test.dir/home/pi/pico/pico-sdk/src/rp2_common/pico_bootrom/bootrom.c.obj
                0x100038fc                rom_func_lookup
 .text.rom_data_lookup
                0x1000390c       0x10 CMakeFiles/SSD1306_test.dir/home/pi/pico/pico-sdk/src/rp2_common/pico_bootrom/bootrom.c.obj
                0x1000390c                rom_data_lookup
 .text.rom_funcs_lookup
                0x1000391c       0x36 CMakeFiles/SSD1306_test.dir/home/pi/pico/pico-sdk/src/rp2_common/pico_bootrom/bootrom.c.obj
                0x1000391c                rom_funcs_lookup
 *fill*         0x10003952        0x2 
 .text.__wrap___aeabi_idiv
                0x10003954       0x50 CMakeFiles/SSD1306_test.dir/home/pi/pico/pico-sdk/src/rp2_common/pico_divider/divider.S.obj
                0x10003954                __wrap___aeabi_idivmod
                0x10003954                divmod_s32s32
                0x10003954                div_s32s32
                0x10003954                __wrap___aeabi_idiv
                0x1000395c                divmod_s32s32_unsafe
                0x10003988                divmod_s32s32_savestate
 .text.__wrap___aeabi_uidiv
                0x100039a4       0x4c CMakeFiles/SSD1306_test.dir/home/pi/pico/pico-sdk/src/rp2_common/pico_divider/divider.S.obj
                0x100039a4                __wrap___aeabi_uidiv
                0x100039a4                __wrap___aeabi_uidivmod
                0x100039a4                div_u32u32
                0x100039a4                divmod_u32u32
                0x100039ac                divmod_u32u32_unsafe
                0x100039d4                divmod_u32u32_savestate
 .text.__wrap___aeabi_ldiv
                0x100039f0      0x430 CMakeFiles/SSD1306_test.dir/home/pi/pico/pico-sdk/src/rp2_common/pico_divider/divider.S.obj
                0x100039f0                div_s64s64
                0x100039f0                divmod_s64s64
                0x100039f0                __wrap___aeabi_ldivmod
                0x10003a28                div_u64u64
                0x10003a28                divmod_u64u64
                0x10003a28                __wrap___aeabi_uldivmod
                0x10003a38                divmod_u64u64_savestate
                0x10003a60                divmod_s64s64_unsafe
                0x10003ae8                divmod_u64u64_unsafe
 .text.__wrap___aeabi_darithmetic
                0x10003e20       0x80 CMakeFiles/SSD1306_test.dir/home/pi/pico/pico-sdk/src/rp2_common/pico_double/double_aeabi.S.obj
                0x10003e20                __wrap___aeabi_drsub
                0x10003e26                __wrap___aeabi_dsub
                0x10003e38                __wrap___aeabi_dadd
                0x10003e4a                __wrap___aeabi_ddiv
                0x10003e86                __wrap___aeabi_dmul
 .text.__wrap___aeabi_cdcmple
                0x10003ea0       0x6c CMakeFiles/SSD1306_test.dir/home/pi/pico/pico-sdk/src/rp2_common/pico_double/double_aeabi.S.obj
                0x10003ea0                __wrap___aeabi_cdrcmple
                0x10003eb0                __wrap___aeabi_cdcmple
                0x10003eb0                __wrap___aeabi_cdcmpeq
 .text.__wrap___aeabi_dcmplt
                0x10003f0c        0xc CMakeFiles/SSD1306_test.dir/home/pi/pico/pico-sdk/src/rp2_common/pico_double/double_aeabi.S.obj
                0x10003f0c                __wrap___aeabi_dcmplt
 .text.__wrap___aeabi_dcmple
                0x10003f18       0x10 CMakeFiles/SSD1306_test.dir/home/pi/pico/pico-sdk/src/rp2_common/pico_double/double_aeabi.S.obj
                0x10003f18                __wrap___aeabi_dcmple
 .text.__wrap___aeabi_dcmpge
                0x10003f28       0x10 CMakeFiles/SSD1306_test.dir/home/pi/pico/pico-sdk/src/rp2_common/pico_double/double_aeabi.S.obj
                0x10003f28                __wrap___aeabi_dcmpge
 .text.__wrap___aeabi_dcmpgt
                0x10003f38        0xa CMakeFiles/SSD1306_test.dir/home/pi/pico/pico-sdk/src/rp2_common/pico_double/double_aeabi.S.obj
                0x10003f38                __wrap___aeabi_dcmpgt
 .text.__wrap___aeabi_dcmpun
                0x10003f42       0x1c CMakeFiles/SSD1306_test.dir/home/pi/pico/pico-sdk/src/rp2_common/pico_double/double_aeabi.S.obj
                0x10003f42                __wrap___aeabi_dcmpun
 *fill*         0x10003f5e        0x2 
 .text.__wrap___aeabi_i2d
                0x10003f60       0x38 CMakeFiles/SSD1306_test.dir/home/pi/pico/pico-sdk/src/rp2_common/pico_double/double_aeabi.S.obj
                0x10003f60                __wrap___aeabi_ui2d
                0x10003f68                __wrap___aeabi_i2d
 .text.__wrap___aeabi_d2iz
                0x10003f98       0x48 CMakeFiles/SSD1306_test.dir/home/pi/pico/pico-sdk/src/rp2_common/pico_double/double_aeabi.S.obj
                0x10003f98                __wrap___aeabi_d2iz
                0x10003f98                double2int_z
 .text.__wrap___aeabi_d2uiz
                0x10003fe0       0x18 CMakeFiles/SSD1306_test.dir/home/pi/pico/pico-sdk/src/rp2_common/pico_double/double_aeabi.S.obj
                0x10003fe0                double2uint
                0x10003fe0                __wrap___aeabi_d2uiz
 .text.__aeabi_double_init
                0x10003ff8       0xb8 CMakeFiles/SSD1306_test.dir/home/pi/pico/pico-sdk/src/rp2_common/pico_double/double_init_rom.c.obj
                0x10003ff8                __aeabi_double_init
 .text.double_table_shim_on_use_helper
                0x100040b0       0x34 CMakeFiles/SSD1306_test.dir/home/pi/pico/pico-sdk/src/rp2_common/pico_double/double_v1_rom_shim.S.obj
                0x100040b0                double_table_shim_on_use_helper
 .text.__wrap___aeabi_dsub
                0x100040e4       0x10 CMakeFiles/SSD1306_test.dir/home/pi/pico/pico-sdk/src/rp2_common/pico_double/double_v1_rom_shim.S.obj
                0x100040e4                drsub_shim
                0x100040ea                dsub_shim
 .text.dadd_shim
                0x100040f4      0x15c CMakeFiles/SSD1306_test.dir/home/pi/pico/pico-sdk/src/rp2_common/pico_double/double_v1_rom_shim.S.obj
                0x100040f4                dadd_shim
 .text.dmul_shim
                0x10004250      0x15c CMakeFiles/SSD1306_test.dir/home/pi/pico/pico-sdk/src/rp2_common/pico_double/double_v1_rom_shim.S.obj
                0x10004250                dmul_shim
 .text.ddiv_shim
                0x100043ac      0x1b0 CMakeFiles/SSD1306_test.dir/home/pi/pico/pico-sdk/src/rp2_common/pico_double/double_v1_rom_shim.S.obj
                0x100043ac                ddiv_shim
 .text.dcordic_rot_step
                0x1000455c       0x7c CMakeFiles/SSD1306_test.dir/home/pi/pico/pico-sdk/src/rp2_common/pico_double/double_v1_rom_shim.S.obj
                0x1000455c                dcordic_rot_step
 .text.double2uint_shim
                0x100045d8        0xe CMakeFiles/SSD1306_test.dir/home/pi/pico/pico-sdk/src/rp2_common/pico_double/double_v1_rom_shim.S.obj
                0x100045d8                double2uint_shim
                0x100045da                double2ufix_shim
 *fill*         0x100045e6        0x2 
 .text.double2uint64_shim
                0x100045e8       0x6c CMakeFiles/SSD1306_test.dir/home/pi/pico/pico-sdk/src/rp2_common/pico_double/double_v1_rom_shim.S.obj
                0x100045e8                double2uint64_shim
                0x100045ea                double2ufix64_shim
                0x10004604                d2fix_a
 .text.dunpacks
                0x10004654       0x3c CMakeFiles/SSD1306_test.dir/home/pi/pico/pico-sdk/src/rp2_common/pico_double/double_v1_rom_shim.S.obj
                0x10004654                dunpacks
 .text.__aeabi_lmul
                0x10004690       0x32 CMakeFiles/SSD1306_test.dir/home/pi/pico/pico-sdk/src/rp2_common/pico_int64_ops/pico_int64_ops_aeabi.S.obj
                0x10004690                __wrap___aeabi_lmul
 *fill*         0x100046c2        0x2 
 .text.__aeabi_float_init
                0x100046c4       0xfc CMakeFiles/SSD1306_test.dir/home/pi/pico/pico-sdk/src/rp2_common/pico_float/float_init_rom.c.obj
                0x100046c4                __aeabi_float_init
 .text.float_table_shim_on_use_helper
                0x100047c0       0x34 CMakeFiles/SSD1306_test.dir/home/pi/pico/pico-sdk/src/rp2_common/pico_float/float_v1_rom_shim.S.obj
                0x100047c0                float_table_shim_on_use_helper
 .text          0x100047f4       0x10 CMakeFiles/SSD1306_test.dir/home/pi/pico/pico-sdk/src/rp2_common/pico_mem_ops/mem_ops_aeabi.S.obj
                0x100047f4                __aeabi_mem_init
 .text.memset   0x10004804        0xc CMakeFiles/SSD1306_test.dir/home/pi/pico/pico-sdk/src/rp2_common/pico_mem_ops/mem_ops_aeabi.S.obj
                0x10004804                __wrap_memset
 .text.memcpy   0x10004810        0xc CMakeFiles/SSD1306_test.dir/home/pi/pico/pico-sdk/src/rp2_common/pico_mem_ops/mem_ops_aeabi.S.obj
                0x10004810                __wrap___aeabi_memcpy
                0x10004810                __wrap_memcpy
 .text.stdio_out_chars_crlf
                0x1000481c       0x80 CMakeFiles/SSD1306_test.dir/home/pi/pico/pico-sdk/src/rp2_common/pico_stdio/stdio.c.obj
 .text.stdio_stack_buffer_flush
                0x1000489c       0x44 CMakeFiles/SSD1306_test.dir/home/pi/pico/pico-sdk/src/rp2_common/pico_stdio/stdio.c.obj
 .text.stdio_buffered_printer
                0x100048e0       0x20 CMakeFiles/SSD1306_test.dir/home/pi/pico/pico-sdk/src/rp2_common/pico_stdio/stdio.c.obj
 .text.stdout_serialize_begin
                0x10004900       0x30 CMakeFiles/SSD1306_test.dir/home/pi/pico/pico-sdk/src/rp2_common/pico_stdio/stdio.c.obj
                0x10004900                stdout_serialize_begin
 .text.stdout_serialize_end
                0x10004930       0x10 CMakeFiles/SSD1306_test.dir/home/pi/pico/pico-sdk/src/rp2_common/pico_stdio/stdio.c.obj
                0x10004930                stdout_serialize_end
 .text.stdio_put_string
                0x10004940       0x78 CMakeFiles/SSD1306_test.dir/home/pi/pico/pico-sdk/src/rp2_common/pico_stdio/stdio.c.obj
 .text.stdio_flush
                0x100049b8       0x20 CMakeFiles/SSD1306_test.dir/home/pi/pico/pico-sdk/src/rp2_common/pico_stdio/stdio.c.obj
                0x100049b8                stdio_flush
 .text.__wrap_puts
                0x100049d8       0x1c CMakeFiles/SSD1306_test.dir/home/pi/pico/pico-sdk/src/rp2_common/pico_stdio/stdio.c.obj
                0x100049d8                __wrap_puts
 .text.__wrap_vprintf
                0x100049f4       0x44 CMakeFiles/SSD1306_test.dir/home/pi/pico/pico-sdk/src/rp2_common/pico_stdio/stdio.c.obj
                0x100049f4                __wrap_vprintf
 .text.__wrap_printf
                0x10004a38       0x18 CMakeFiles/SSD1306_test.dir/home/pi/pico/pico-sdk/src/rp2_common/pico_stdio/stdio.c.obj
                0x10004a38                __wrap_printf
 .text.spi_set_baudrate
                0x10004a50       0x92 CMakeFiles/SSD1306_test.dir/home/pi/pico/pico-sdk/src/rp2_common/hardware_spi/spi.c.obj
                0x10004a50                spi_set_baudrate
 *fill*         0x10004ae2        0x2 
 .text.spi_init
                0x10004ae4       0x68 CMakeFiles/SSD1306_test.dir/home/pi/pico/pico-sdk/src/rp2_common/hardware_spi/spi.c.obj
                0x10004ae4                spi_init
 .text          0x10004b4c       0x64 /usr/lib/gcc/arm-none-eabi/7.3.1/../../../arm-none-eabi/lib/thumb/v6-m/libg.a(lib_a-strlen-stub.o)
                0x10004b4c                strlen
 *(.fini)
 .fini          0x10004bb0        0x4 /usr/lib/gcc/arm-none-eabi/7.3.1/thumb/v6-m/crti.o
                0x10004bb0                _fini
 *fill*         0x10004bb4        0x4 
 .fini.__stub   0x10004bb8       0x60 linker stubs
 *crtbegin.o(.ctors)
 *crtbegin?.o(.ctors)
 *(EXCLUDE_FILE(*crtend.o *crtend?.o) .ctors)
 *(SORT_BY_NAME(.ctors.*))
 *(.ctors)
 *crtbegin.o(.dtors)
 *crtbegin?.o(.dtors)
 *(EXCLUDE_FILE(*crtend.o *crtend?.o) .dtors)
 *(SORT_BY_NAME(.dtors.*))
 *(.dtors)
 *(.eh_frame*)
 .eh_frame      0x10004c18        0x0 /usr/lib/gcc/arm-none-eabi/7.3.1/thumb/v6-m/crtbegin.o
                0x10004c18                . = ALIGN (0x4)

.glue_7         0x10004c18        0x0
 .glue_7        0x10004c18        0x0 linker stubs

.glue_7t        0x10004c18        0x0
 .glue_7t       0x10004c18        0x0 linker stubs

.vfp11_veneer   0x10004c18        0x0
 .vfp11_veneer  0x10004c18        0x0 linker stubs

.v4_bx          0x10004c18        0x0
 .v4_bx         0x10004c18        0x0 linker stubs

.iplt           0x10004c18        0x0
 .iplt          0x10004c18        0x0 /usr/lib/gcc/arm-none-eabi/7.3.1/thumb/v6-m/crtbegin.o

.rodata         0x10004c18     0x2668
 *(EXCLUDE_FILE(*libm.a: *libc.a:*lib_a-mem*.o *libgcc.a:) .rodata*)
 .rodata.Font_6x8
                0x10004c18      0x240 CMakeFiles/SSD1306_test.dir/SSD1306_test.c.obj
                0x10004c18                Font_6x8
 .rodata.Segment_25x40
                0x10004e58      0x659 CMakeFiles/SSD1306_test.dir/SSD1306_test.c.obj
                0x10004e58                Segment_25x40
 *fill*         0x100054b1        0x3 
 .rodata.Terminal12x16
                0x100054b4      0x900 CMakeFiles/SSD1306_test.dir/SSD1306_test.c.obj
                0x100054b4                Terminal12x16
 .rodata.icon1  0x10005db4       0x80 CMakeFiles/SSD1306_test.dir/SSD1306_test.c.obj
                0x10005db4                icon1
 .rodata.icon2  0x10005e34       0x80 CMakeFiles/SSD1306_test.dir/SSD1306_test.c.obj
                0x10005e34                icon2
 .rodata.icon3  0x10005eb4       0x80 CMakeFiles/SSD1306_test.dir/SSD1306_test.c.obj
                0x10005eb4                icon3
 .rodata.icon4  0x10005f34       0x80 CMakeFiles/SSD1306_test.dir/SSD1306_test.c.obj
                0x10005f34                icon4
 .rodata.main.str1.4
                0x10005fb4      0x10f CMakeFiles/SSD1306_test.dir/SSD1306_test.c.obj
 *fill*         0x100060c3        0x1 
 .rodata.truck_bmp
                0x100060c4      0x400 CMakeFiles/SSD1306_test.dir/SSD1306_test.c.obj
                0x100060c4                truck_bmp
 .rodata.init_sequence
                0x100064c4       0x1b CMakeFiles/SSD1306_test.dir/OLED_128X64.c.obj
                0x100064c4                init_sequence
 *fill*         0x100064df        0x1 
 .rodata.__func__.5648
                0x100064e0       0x15 CMakeFiles/SSD1306_test.dir/home/pi/pico/pico-sdk/src/common/pico_time/time.c.obj
 *fill*         0x100064f5        0x3 
 .rodata.__func__.5949
                0x100064f8        0xc CMakeFiles/SSD1306_test.dir/home/pi/pico/pico-sdk/src/common/pico_time/time.c.obj
 .rodata.__func__.5956
                0x10006504       0x12 CMakeFiles/SSD1306_test.dir/home/pi/pico/pico-sdk/src/common/pico_time/time.c.obj
 *fill*         0x10006516        0x2 
 .rodata.__func__.5972
                0x10006518        0xf CMakeFiles/SSD1306_test.dir/home/pi/pico/pico-sdk/src/common/pico_time/time.c.obj
 *fill*         0x10006527        0x1 
 .rodata.__func__.5994
                0x10006528        0xd CMakeFiles/SSD1306_test.dir/home/pi/pico/pico-sdk/src/common/pico_time/time.c.obj
 *fill*         0x10006535        0x3 
 .rodata.__func__.6195
                0x10006538        0xa CMakeFiles/SSD1306_test.dir/home/pi/pico/pico-sdk/src/common/pico_time/time.c.obj
 *fill*         0x10006542        0x2 
 .rodata.__func__.6200
                0x10006544       0x12 CMakeFiles/SSD1306_test.dir/home/pi/pico/pico-sdk/src/common/pico_time/time.c.obj
 *fill*         0x10006556        0x2 
 .rodata.__func__.6215
                0x10006558       0x17 CMakeFiles/SSD1306_test.dir/home/pi/pico/pico-sdk/src/common/pico_time/time.c.obj
 *fill*         0x1000656f        0x1 
 .rodata.__func__.6226
                0x10006570       0x15 CMakeFiles/SSD1306_test.dir/home/pi/pico/pico-sdk/src/common/pico_time/time.c.obj
 *fill*         0x10006585        0x3 
 .rodata.__func__.6243
                0x10006588       0x1a CMakeFiles/SSD1306_test.dir/home/pi/pico/pico-sdk/src/common/pico_time/time.c.obj
 *fill*         0x100065a2        0x2 
 .rodata.add_alarm_under_lock.str1.4
                0x100065a4       0x28 CMakeFiles/SSD1306_test.dir/home/pi/pico/pico-sdk/src/common/pico_time/time.c.obj
                                 0x2b (size before relaxing)
 .rodata.alarm_pool_alarm_callback.str1.4
                0x100065cc       0xe2 CMakeFiles/SSD1306_test.dir/home/pi/pico/pico-sdk/src/common/pico_time/time.c.obj
 *fill*         0x100066ae        0x2 
 .rodata.alarm_pool_dump_key.str1.4
                0x100066b0       0x33 CMakeFiles/SSD1306_test.dir/home/pi/pico/pico-sdk/src/common/pico_time/time.c.obj
 *fill*         0x100066e3        0x1 
 .rodata.alarm_pool_get_default.str1.4
                0x100066e4       0x21 CMakeFiles/SSD1306_test.dir/home/pi/pico/pico-sdk/src/common/pico_time/time.c.obj
 *fill*         0x10006705        0x3 
 .rodata.ph_add_child_node.str1.4
                0x10006708       0x92 CMakeFiles/SSD1306_test.dir/home/pi/pico/pico-sdk/src/common/pico_time/time.c.obj
 *fill*         0x1000679a        0x2 
 .rodata.repeating_timer_callback.str1.4
                0x1000679c       0x47 CMakeFiles/SSD1306_test.dir/home/pi/pico/pico-sdk/src/common/pico_time/time.c.obj
 *fill*         0x100067e3        0x1 
 .rodata.sleep_until.str1.4
                0x100067e4       0x4d CMakeFiles/SSD1306_test.dir/home/pi/pico/pico-sdk/src/common/pico_time/time.c.obj
 *fill*         0x10006831        0x3 
 .rodata.__func__.4508
                0x10006834       0x1a CMakeFiles/SSD1306_test.dir/home/pi/pico/pico-sdk/src/rp2_common/hardware_timer/timer.c.obj
 *fill*         0x1000684e        0x2 
 .rodata.hardware_alarm_claim.str1.4
                0x10006850       0x22 CMakeFiles/SSD1306_test.dir/home/pi/pico/pico-sdk/src/rp2_common/hardware_timer/timer.c.obj
 *fill*         0x10006872        0x2 
 .rodata.hardware_alarm_set_target.str1.4
                0x10006874       0x61 CMakeFiles/SSD1306_test.dir/home/pi/pico/pico-sdk/src/rp2_common/hardware_timer/timer.c.obj
 *fill*         0x100068d5        0x3 
 .rodata.__func__.4570
                0x100068d8       0x15 CMakeFiles/SSD1306_test.dir/home/pi/pico/pico-sdk/src/common/pico_sync/mutex.c.obj
 *fill*         0x100068ed        0x3 
 .rodata.__func__.4605
                0x100068f0        0xb CMakeFiles/SSD1306_test.dir/home/pi/pico/pico-sdk/src/common/pico_sync/mutex.c.obj
 *fill*         0x100068fb        0x1 
 .rodata.str1.4
                0x100068fc       0xad CMakeFiles/SSD1306_test.dir/home/pi/pico/pico-sdk/src/common/pico_sync/mutex.c.obj
                                0x10d (size before relaxing)
 *fill*         0x100069a9        0x3 
 .rodata.__func__.5655
                0x100069ac        0xc CMakeFiles/SSD1306_test.dir/home/pi/pico/pico-sdk/src/common/pico_util/pheap.c.obj
 .rodata.__func__.5662
                0x100069b8       0x12 CMakeFiles/SSD1306_test.dir/home/pi/pico/pico-sdk/src/common/pico_util/pheap.c.obj
 *fill*         0x100069ca        0x2 
 .rodata.__func__.5748
                0x100069cc       0x13 CMakeFiles/SSD1306_test.dir/home/pi/pico/pico-sdk/src/common/pico_util/pheap.c.obj
 *fill*         0x100069df        0x1 
 .rodata.__func__.5766
                0x100069e0       0x18 CMakeFiles/SSD1306_test.dir/home/pi/pico/pico-sdk/src/common/pico_util/pheap.c.obj
 .rodata.ph_add_child_node.str1.4
                0x100069f8       0x92 CMakeFiles/SSD1306_test.dir/home/pi/pico/pico-sdk/src/common/pico_util/pheap.c.obj
 .rodata.ph_remove_and_free_node.str1.4
                0x100069f8       0x26 CMakeFiles/SSD1306_test.dir/home/pi/pico/pico-sdk/src/common/pico_util/pheap.c.obj
 *fill*         0x10006a1e        0x2 
 .rodata.ph_remove_any_head.str1.4
                0x10006a20       0x88 CMakeFiles/SSD1306_test.dir/home/pi/pico/pico-sdk/src/common/pico_util/pheap.c.obj
 .rodata.__assert_func.str1.4
                0x10006aa8       0x3f CMakeFiles/SSD1306_test.dir/home/pi/pico/pico-sdk/src/rp2_common/pico_runtime/runtime.c.obj
                                 0x43 (size before relaxing)
 *fill*         0x10006ae7        0x1 
 .rodata.panic.str1.4
                0x10006ae8       0x12 CMakeFiles/SSD1306_test.dir/home/pi/pico/pico-sdk/src/rp2_common/pico_runtime/runtime.c.obj
 *fill*         0x10006afa        0x2 
 .rodata.__func__.4627
                0x10006afc       0x10 CMakeFiles/SSD1306_test.dir/home/pi/pico/pico-sdk/src/rp2_common/hardware_clocks/clocks.c.obj
 .rodata.clock_configure.str1.4
                0x10006b0c       0x53 CMakeFiles/SSD1306_test.dir/home/pi/pico/pico-sdk/src/rp2_common/hardware_clocks/clocks.c.obj
 *fill*         0x10006b5f        0x1 
 .rodata.__func__.4663
                0x10006b60       0x1a CMakeFiles/SSD1306_test.dir/home/pi/pico/pico-sdk/src/rp2_common/hardware_irq/irq.c.obj
 *fill*         0x10006b7a        0x2 
 .rodata.__func__.4677
                0x10006b7c        0xc CMakeFiles/SSD1306_test.dir/home/pi/pico/pico-sdk/src/rp2_common/hardware_irq/irq.c.obj
 .rodata.__func__.4685
                0x10006b88       0x17 CMakeFiles/SSD1306_test.dir/home/pi/pico/pico-sdk/src/rp2_common/hardware_irq/irq.c.obj
 *fill*         0x10006b9f        0x1 
 .rodata.__func__.4689
                0x10006ba0        0xf CMakeFiles/SSD1306_test.dir/home/pi/pico/pico-sdk/src/rp2_common/hardware_irq/irq.c.obj
 *fill*         0x10006baf        0x1 
 .rodata.__func__.4728
                0x10006bb0       0x13 CMakeFiles/SSD1306_test.dir/home/pi/pico/pico-sdk/src/rp2_common/hardware_irq/irq.c.obj
 *fill*         0x10006bc3        0x1 
 .rodata.__func__.4747
                0x10006bc4       0x1a CMakeFiles/SSD1306_test.dir/home/pi/pico/pico-sdk/src/rp2_common/hardware_irq/irq.c.obj
 *fill*         0x10006bde        0x2 
 .rodata.irq_add_shared_handler.str1.4
                0x10006be0       0xd9 CMakeFiles/SSD1306_test.dir/home/pi/pico/pico-sdk/src/rp2_common/hardware_irq/irq.c.obj
 *fill*         0x10006cb9        0x3 
 .rodata.irq_add_tail_to_free_list.str1.4
                0x10006cbc       0x32 CMakeFiles/SSD1306_test.dir/home/pi/pico/pico-sdk/src/rp2_common/hardware_irq/irq.c.obj
                                 0x3a (size before relaxing)
 *fill*         0x10006cee        0x2 
 .rodata.irq_remove_handler.str1.4
                0x10006cf0       0x2a CMakeFiles/SSD1306_test.dir/home/pi/pico/pico-sdk/src/rp2_common/hardware_irq/irq.c.obj
 *fill*         0x10006d1a        0x2 
 .rodata.irq_set_exclusive_handler.str1.4
                0x10006d1c       0x36 CMakeFiles/SSD1306_test.dir/home/pi/pico/pico-sdk/src/rp2_common/hardware_irq/irq.c.obj
 *fill*         0x10006d52        0x2 
 .rodata.make_branch.str1.4
                0x10006d54       0x49 CMakeFiles/SSD1306_test.dir/home/pi/pico/pico-sdk/src/rp2_common/hardware_irq/irq.c.obj
 *fill*         0x10006d9d        0x3 
 .rodata.__func__.4362
                0x10006da0        0x9 CMakeFiles/SSD1306_test.dir/home/pi/pico/pico-sdk/src/rp2_common/hardware_pll/pll.c.obj
 *fill*         0x10006da9        0x3 
 .rodata.pll_init.str1.4
                0x10006dac       0xd7 CMakeFiles/SSD1306_test.dir/home/pi/pico/pico-sdk/src/rp2_common/hardware_pll/pll.c.obj
 *fill*         0x10006e83        0x1 
 .rodata._vsnprintf
                0x10006e84      0x1e0 CMakeFiles/SSD1306_test.dir/home/pi/pico/pico-sdk/src/rp2_common/pico_printf/printf.c.obj
 .rodata._ftoa.str1.4
                0x10007064       0x15 CMakeFiles/SSD1306_test.dir/home/pi/pico/pico-sdk/src/rp2_common/pico_printf/printf.c.obj
 *fill*         0x10007079        0x7 
 .rodata.pow10.5369
                0x10007080       0x50 CMakeFiles/SSD1306_test.dir/home/pi/pico/pico-sdk/src/rp2_common/pico_printf/printf.c.obj
 .rodata.__aeabi_double_init.str1.4
                0x100070d0       0xa4 CMakeFiles/SSD1306_test.dir/home/pi/pico/pico-sdk/src/rp2_common/pico_double/double_init_rom.c.obj
 .rodata.__func__.4628
                0x10007174       0x14 CMakeFiles/SSD1306_test.dir/home/pi/pico/pico-sdk/src/rp2_common/pico_double/double_init_rom.c.obj
 .rodata.__aeabi_float_init.str1.4
                0x10007188       0x76 CMakeFiles/SSD1306_test.dir/home/pi/pico/pico-sdk/src/rp2_common/pico_float/float_init_rom.c.obj
                                 0x7a (size before relaxing)
 *fill*         0x100071fe        0x2 
 .rodata.__func__.4630
                0x10007200       0x13 CMakeFiles/SSD1306_test.dir/home/pi/pico/pico-sdk/src/rp2_common/pico_float/float_init_rom.c.obj
 *fill*         0x10007213        0x1 
 .rodata.__bi_44
                0x10007214        0xc CMakeFiles/SSD1306_test.dir/home/pi/pico/pico-sdk/src/rp2_common/pico_standard_link/binary_info.c.obj
 .rodata.__bi_75
                0x10007220        0xc CMakeFiles/SSD1306_test.dir/home/pi/pico/pico-sdk/src/rp2_common/pico_standard_link/binary_info.c.obj
 .rodata.__bi_81
                0x1000722c        0xc CMakeFiles/SSD1306_test.dir/home/pi/pico/pico-sdk/src/rp2_common/pico_standard_link/binary_info.c.obj
 .rodata.str1.4
                0x10007238       0x44 CMakeFiles/SSD1306_test.dir/home/pi/pico/pico-sdk/src/rp2_common/pico_standard_link/binary_info.c.obj
 .rodata.crlf_str.5957
                0x1000727c        0x2 CMakeFiles/SSD1306_test.dir/home/pi/pico/pico-sdk/src/rp2_common/pico_stdio/stdio.c.obj
                0x10007280                . = ALIGN (0x4)
 *fill*         0x1000727e        0x2 
 *(SORT_BY_ALIGNMENT(SORT_BY_NAME(.flashdata*)))
                0x10007280                . = ALIGN (0x4)

.rel.dyn        0x10007280        0x0
 .rel.iplt      0x10007280        0x0 /usr/lib/gcc/arm-none-eabi/7.3.1/thumb/v6-m/crtbegin.o

.ARM.extab
 *(.ARM.extab* .gnu.linkonce.armextab.*)
                0x10007280                __exidx_start = .

.ARM.exidx
 *(.ARM.exidx* .gnu.linkonce.armexidx.*)
                0x10007280                __exidx_end = .
                0x10007280                . = ALIGN (0x4)
                0x10007280                __binary_info_start = .

.binary_info    0x10007280       0x1c
 *(.binary_info.keep.*)
 .binary_info.keep.__bi_ptr22
                0x10007280        0x4 CMakeFiles/SSD1306_test.dir/home/pi/pico/pico-sdk/src/rp2_common/pico_standard_link/binary_info.c.obj
 .binary_info.keep.__bi_ptr30
                0x10007284        0x4 CMakeFiles/SSD1306_test.dir/home/pi/pico/pico-sdk/src/rp2_common/pico_standard_link/binary_info.c.obj
 .binary_info.keep.__bi_ptr38
                0x10007288        0x4 CMakeFiles/SSD1306_test.dir/home/pi/pico/pico-sdk/src/rp2_common/pico_standard_link/binary_info.c.obj
 .binary_info.keep.__bi_ptr44
                0x1000728c        0x4 CMakeFiles/SSD1306_test.dir/home/pi/pico/pico-sdk/src/rp2_common/pico_standard_link/binary_info.c.obj
 .binary_info.keep.__bi_ptr50
                0x10007290        0x4 CMakeFiles/SSD1306_test.dir/home/pi/pico/pico-sdk/src/rp2_common/pico_standard_link/binary_info.c.obj
 .binary_info.keep.__bi_ptr75
                0x10007294        0x4 CMakeFiles/SSD1306_test.dir/home/pi/pico/pico-sdk/src/rp2_common/pico_standard_link/binary_info.c.obj
 .binary_info.keep.__bi_ptr81
                0x10007298        0x4 CMakeFiles/SSD1306_test.dir/home/pi/pico/pico-sdk/src/rp2_common/pico_standard_link/binary_info.c.obj
 *(.binary_info.*)
                0x1000729c                __binary_info_end = .
                0x1000729c                . = ALIGN (0x4)
                0x1000729c                __etext = .

.ram_vector_table
                0x20000000       0xc0
 *(.ram_vector_table)
 .ram_vector_table
                0x20000000       0xc0 CMakeFiles/SSD1306_test.dir/home/pi/pico/pico-sdk/src/rp2_common/pico_runtime/runtime.c.obj
                0x20000000                ram_vector_table

.data           0x200000c0      0x28c load address 0x1000729c
                0x200000c0                __data_start__ = .
 *(vtable)
 *(.time_critical*)
 .time_critical.mutex_enter_blocking
                0x200000c0       0x94 CMakeFiles/SSD1306_test.dir/home/pi/pico/pico-sdk/src/common/pico_sync/mutex.c.obj
                0x200000c0                mutex_enter_blocking
 .time_critical.mutex_try_enter
                0x20000154       0x5a CMakeFiles/SSD1306_test.dir/home/pi/pico/pico-sdk/src/common/pico_sync/mutex.c.obj
                0x20000154                mutex_try_enter
 *fill*         0x200001ae        0x2 
 .time_critical.mutex_exit
                0x200001b0       0x94 CMakeFiles/SSD1306_test.dir/home/pi/pico/pico-sdk/src/common/pico_sync/mutex.c.obj
                0x200001b0                mutex_exit
 .time_critical.spi_write_blocking
                0x20000244       0x38 CMakeFiles/SSD1306_test.dir/home/pi/pico/pico-sdk/src/rp2_common/hardware_spi/spi.c.obj
                0x20000244                spi_write_blocking
 *(.text*)
 .text          0x2000027c        0x4 /usr/lib/gcc/arm-none-eabi/7.3.1/thumb/v6-m/libgcc.a(_dvmd_tls.o)
                0x2000027c                __aeabi_ldiv0
                0x2000027c                __aeabi_idiv0
 .text.__stub   0x20000280       0x10 linker stubs
                0x20000290                . = ALIGN (0x4)
 *(.rodata*)
                0x20000290                . = ALIGN (0x4)
 *(.data*)
 .data.striped_spin_lock_num
                0x20000290        0x1 CMakeFiles/SSD1306_test.dir/home/pi/pico/pico-sdk/src/rp2_common/hardware_sync/sync.c.obj
 *fill*         0x20000291        0x3 
 .data.default_alarm_pool
                0x20000294       0x18 CMakeFiles/SSD1306_test.dir/home/pi/pico/pico-sdk/src/common/pico_time/time.c.obj
 .data.default_alarm_pool_heap
                0x200002ac       0x10 CMakeFiles/SSD1306_test.dir/home/pi/pico/pico-sdk/src/common/pico_time/time.c.obj
 .data          0x200002bc       0x48 CMakeFiles/SSD1306_test.dir/home/pi/pico/pico-sdk/src/rp2_common/hardware_irq/irq_handler_chain.S.obj
                0x200002bc                irq_handler_chain_slots
                0x200002ec                irq_handler_chain_first_slot
                0x200002f6                irq_handler_chain_remove_tail
 *fill*         0x20000304        0xc 
 .data.aeabi_bits_funcs
                0x20000310       0x10 CMakeFiles/SSD1306_test.dir/home/pi/pico/pico-sdk/src/rp2_common/pico_bit_ops/bit_ops_aeabi.S.obj
                0x20000310                aeabi_bits_funcs
                0x20000320                aeabi_bits_funcs_end
 .data.aeabi_mem_funcs
                0x20000320       0x10 CMakeFiles/SSD1306_test.dir/home/pi/pico/pico-sdk/src/rp2_common/pico_mem_ops/mem_ops_aeabi.S.obj
                0x20000320                aeabi_mem_funcs
                0x20000330                aeabi_mem_funcs_end
                0x20000330                . = ALIGN (0x4)
 *(.after_data.*)
                0x20000330                . = ALIGN (0x4)
                0x20000330                PROVIDE (__mutex_array_start = .)
 *(SORT_BY_NAME(.mutex_array.*))
 *(.mutex_array)
 .mutex_array   0x20000330        0x8 CMakeFiles/SSD1306_test.dir/home/pi/pico/pico-sdk/src/rp2_common/pico_stdio/stdio.c.obj
                0x20000338                PROVIDE (__mutex_array_end = .)
                0x20000338                . = ALIGN (0x4)
                0x20000338                PROVIDE (__preinit_array_start = .)
 *(SORT_BY_NAME(.preinit_array.*))
 .preinit_array.00001
                0x20000338        0x4 CMakeFiles/SSD1306_test.dir/home/pi/pico/pico-sdk/src/rp2_common/pico_mem_ops/mem_ops_aeabi.S.obj
 .preinit_array.00010
                0x2000033c        0x4 CMakeFiles/SSD1306_test.dir/home/pi/pico/pico-sdk/src/rp2_common/pico_bit_ops/bit_ops_aeabi.S.obj
 .preinit_array.00020
                0x20000340        0x4 CMakeFiles/SSD1306_test.dir/home/pi/pico/pico-sdk/src/rp2_common/pico_double/double_aeabi.S.obj
 .preinit_array.00020
                0x20000344        0x4 CMakeFiles/SSD1306_test.dir/home/pi/pico/pico-sdk/src/rp2_common/pico_float/float_aeabi.S.obj
 *(.preinit_array)
                0x20000348                PROVIDE (__preinit_array_end = .)
                0x20000348                . = ALIGN (0x4)
                0x20000348                PROVIDE (__init_array_start = .)
 *(SORT_BY_NAME(.init_array.*))
 *(.init_array)
 .init_array    0x20000348        0x4 /usr/lib/gcc/arm-none-eabi/7.3.1/thumb/v6-m/crtbegin.o
                0x2000034c                PROVIDE (__init_array_end = .)
                0x2000034c                . = ALIGN (0x4)
                0x2000034c                PROVIDE (__fini_array_start = .)
 *(SORT_BY_NAME(.fini_array.*))
 *(.fini_array)
                0x2000034c                PROVIDE (__fini_array_end = .)
 *(.jcr)
                0x2000034c                . = ALIGN (0x4)
                0x2000034c                __data_end__ = .

.tm_clone_table
                0x2000034c        0x0 load address 0x10007528
 .tm_clone_table
                0x2000034c        0x0 /usr/lib/gcc/arm-none-eabi/7.3.1/thumb/v6-m/crtbegin.o
 .tm_clone_table
                0x2000034c        0x0 /usr/lib/gcc/arm-none-eabi/7.3.1/thumb/v6-m/crtend.o

.igot.plt       0x2000034c        0x0 load address 0x10007528
 .igot.plt      0x2000034c        0x0 /usr/lib/gcc/arm-none-eabi/7.3.1/thumb/v6-m/crtbegin.o

.uninitialized_data
                0x2000034c        0x0 load address 0x10007528
                0x2000034c                . = ALIGN (0x4)
 *(.uninitialized_data*)

.scratch_x      0x20040000        0x0 load address 0x10007528
                0x20040000                __scratch_x_start__ = .
 *(.scratch_x.*)
                0x20040000                . = ALIGN (0x4)
                0x20040000                __scratch_x_end__ = .
                0x10007528                __scratch_x_source__ = LOADADDR (.scratch_x)

.scratch_y      0x20041000        0x0 load address 0x10007528
                0x20041000                __scratch_y_start__ = .
 *(.scratch_y.*)
                0x20041000                . = ALIGN (0x4)
                0x20041000                __scratch_y_end__ = .
                0x10007528                __scratch_y_source__ = LOADADDR (.scratch_y)

.bss            0x20000350      0x7f0
                0x20000350                . = ALIGN (0x4)
                0x20000350                __bss_start__ = .
 *(SORT_BY_ALIGNMENT(SORT_BY_NAME(.bss*)))
 .bss.default_alarm_pool_entries
                0x20000350      0x100 CMakeFiles/SSD1306_test.dir/home/pi/pico/pico-sdk/src/common/pico_time/time.c.obj
 .bss           0x20000450       0x1c /usr/lib/gcc/arm-none-eabi/7.3.1/thumb/v6-m/crtbegin.o
 .bss.alarm_callbacks
                0x2000046c       0x10 CMakeFiles/SSD1306_test.dir/home/pi/pico/pico-sdk/src/rp2_common/hardware_timer/timer.c.obj
 .bss.configured_freq
                0x2000047c       0x28 CMakeFiles/SSD1306_test.dir/home/pi/pico/pico-sdk/src/rp2_common/hardware_clocks/clocks.c.obj
 .bss.default_alarm_pool_entry_ids_high
                0x200004a4       0x10 CMakeFiles/SSD1306_test.dir/home/pi/pico/pico-sdk/src/common/pico_time/time.c.obj
 .bss.default_alarm_pool_heap_nodes
                0x200004b4       0x30 CMakeFiles/SSD1306_test.dir/home/pi/pico/pico-sdk/src/common/pico_time/time.c.obj
 .bss.drivers   0x200004e4        0x4 CMakeFiles/SSD1306_test.dir/home/pi/pico/pico-sdk/src/rp2_common/pico_stdio/stdio.c.obj
 .bss.filter    0x200004e8        0x4 CMakeFiles/SSD1306_test.dir/home/pi/pico/pico-sdk/src/rp2_common/pico_stdio/stdio.c.obj
 .bss.pools     0x200004ec       0x10 CMakeFiles/SSD1306_test.dir/home/pi/pico/pico-sdk/src/common/pico_time/time.c.obj
 .bss.sleep_notifier
                0x200004fc        0x4 CMakeFiles/SSD1306_test.dir/home/pi/pico/pico-sdk/src/common/pico_time/time.c.obj
 .bss.target_hi
                0x20000500       0x10 CMakeFiles/SSD1306_test.dir/home/pi/pico/pico-sdk/src/rp2_common/hardware_timer/timer.c.obj
 .bss.claimed   0x20000510        0x1 CMakeFiles/SSD1306_test.dir/home/pi/pico/pico-sdk/src/rp2_common/hardware_timer/timer.c.obj
 .bss.cnt_character
                0x20000511        0x1 CMakeFiles/SSD1306_test.dir/OLED_128X64.c.obj
                0x20000511                cnt_character
 .bss.cnt_width
                0x20000512        0x1 CMakeFiles/SSD1306_test.dir/OLED_128X64.c.obj
                0x20000512                cnt_width
 .bss.irq_hander_chain_free_slot_head
                0x20000513        0x1 CMakeFiles/SSD1306_test.dir/home/pi/pico/pico-sdk/src/rp2_common/hardware_irq/irq.c.obj
 .bss.timer_callbacks_pending
                0x20000514        0x1 CMakeFiles/SSD1306_test.dir/home/pi/pico/pico-sdk/src/rp2_common/hardware_timer/timer.c.obj
 *(COMMON)
 *fill*         0x20000515        0x3 
 COMMON         0x20000518      0x422 CMakeFiles/SSD1306_test.dir/OLED_128X64.c.obj
                0x20000518                font
                0x2000051c                _cursor_x
                0x20000520                _console_font_data
                0x20000524                font2
                0x20000528                Oled_RAM
                0x20000928                _console_font_width
                0x2000092c                max
                0x2000092d                min
                0x20000930                _double_height_text
                0x20000934                _cursor_y
                0x20000938                height
                0x20000939                width
 *fill*         0x2000093a        0x2 
 COMMON         0x2000093c      0x100 CMakeFiles/SSD1306_test.dir/home/pi/pico/pico-sdk/src/rp2_common/pico_double/double_init_rom.c.obj
                0x2000093c                sd_table
 COMMON         0x20000a3c      0x104 CMakeFiles/SSD1306_test.dir/home/pi/pico/pico-sdk/src/rp2_common/pico_float/float_init_rom.c.obj
                0x20000a3c                sf_table
                0x20000b3c                sf_clz_func
                0x20000b40                . = ALIGN (0x4)
                0x20000b40                __bss_end__ = .

.heap           0x20000b40      0x800
                0x20000b40                __end__ = .
                0x20000b40                end = __end__
 *(.heap*)
 .heap          0x20000b40      0x800 CMakeFiles/SSD1306_test.dir/home/pi/pico/pico-sdk/src/rp2_common/pico_standard_link/crt0.S.obj
                0x20001340                __HeapLimit = .

.stack1_dummy   0x20040000        0x0
 *(.stack1*)

.stack_dummy    0x20041000      0x800
 *(.stack*)
 .stack         0x20041000      0x800 CMakeFiles/SSD1306_test.dir/home/pi/pico/pico-sdk/src/rp2_common/pico_standard_link/crt0.S.obj

.flash_end      0x10007528        0x0
                0x10007528                __flash_binary_end = .
                0x20040000                __StackLimit = (ORIGIN (RAM) + LENGTH (RAM))
                0x20041000                __StackOneTop = (ORIGIN (SCRATCH_X) + LENGTH (SCRATCH_X))
                0x20042000                __StackTop = (ORIGIN (SCRATCH_Y) + LENGTH (SCRATCH_Y))
                0x20041000                __StackOneBottom = (__StackOneTop - SIZEOF (.stack1_dummy))
                0x20041800                __StackBottom = (__StackTop - SIZEOF (.stack_dummy))
                0x20042000                PROVIDE (__stack = __StackTop)
                0x00000001                ASSERT ((__StackLimit >= __HeapLimit), region RAM overflowed)
                0x00000001                ASSERT (((__binary_info_header_end - __logical_binary_start) <= 0x100), Binary info must be in first 256 bytes of the binary)
LOAD CMakeFiles/SSD1306_test.dir/SSD1306_test.c.obj
LOAD CMakeFiles/SSD1306_test.dir/OLED_128X64.c.obj
LOAD CMakeFiles/SSD1306_test.dir/home/pi/pico/pico-sdk/src/rp2_common/pico_stdlib/stdlib.c.obj
LOAD CMakeFiles/SSD1306_test.dir/home/pi/pico/pico-sdk/src/rp2_common/hardware_gpio/gpio.c.obj
LOAD CMakeFiles/SSD1306_test.dir/home/pi/pico/pico-sdk/src/rp2_common/hardware_claim/claim.c.obj
LOAD CMakeFiles/SSD1306_test.dir/home/pi/pico/pico-sdk/src/rp2_common/pico_platform/platform.c.obj
LOAD CMakeFiles/SSD1306_test.dir/home/pi/pico/pico-sdk/src/rp2_common/hardware_sync/sync.c.obj
LOAD CMakeFiles/SSD1306_test.dir/home/pi/pico/pico-sdk/src/rp2_common/hardware_uart/uart.c.obj
LOAD CMakeFiles/SSD1306_test.dir/home/pi/pico/pico-sdk/src/rp2_common/hardware_divider/divider.S.obj
LOAD CMakeFiles/SSD1306_test.dir/home/pi/pico/pico-sdk/src/common/pico_time/time.c.obj
LOAD CMakeFiles/SSD1306_test.dir/home/pi/pico/pico-sdk/src/common/pico_time/timeout_helper.c.obj
LOAD CMakeFiles/SSD1306_test.dir/home/pi/pico/pico-sdk/src/rp2_common/hardware_timer/timer.c.obj
LOAD CMakeFiles/SSD1306_test.dir/home/pi/pico/pico-sdk/src/common/pico_sync/sem.c.obj
LOAD CMakeFiles/SSD1306_test.dir/home/pi/pico/pico-sdk/src/common/pico_sync/lock_core.c.obj
LOAD CMakeFiles/SSD1306_test.dir/home/pi/pico/pico-sdk/src/common/pico_sync/mutex.c.obj
LOAD CMakeFiles/SSD1306_test.dir/home/pi/pico/pico-sdk/src/common/pico_sync/critical_section.c.obj
LOAD CMakeFiles/SSD1306_test.dir/home/pi/pico/pico-sdk/src/common/pico_util/datetime.c.obj
LOAD CMakeFiles/SSD1306_test.dir/home/pi/pico/pico-sdk/src/common/pico_util/pheap.c.obj
LOAD CMakeFiles/SSD1306_test.dir/home/pi/pico/pico-sdk/src/common/pico_util/queue.c.obj
LOAD CMakeFiles/SSD1306_test.dir/home/pi/pico/pico-sdk/src/rp2_common/pico_runtime/runtime.c.obj
LOAD CMakeFiles/SSD1306_test.dir/home/pi/pico/pico-sdk/src/rp2_common/hardware_clocks/clocks.c.obj
LOAD CMakeFiles/SSD1306_test.dir/home/pi/pico/pico-sdk/src/rp2_common/hardware_irq/irq.c.obj
LOAD CMakeFiles/SSD1306_test.dir/home/pi/pico/pico-sdk/src/rp2_common/hardware_irq/irq_handler_chain.S.obj
LOAD CMakeFiles/SSD1306_test.dir/home/pi/pico/pico-sdk/src/rp2_common/hardware_pll/pll.c.obj
LOAD CMakeFiles/SSD1306_test.dir/home/pi/pico/pico-sdk/src/rp2_common/hardware_vreg/vreg.c.obj
LOAD CMakeFiles/SSD1306_test.dir/home/pi/pico/pico-sdk/src/rp2_common/hardware_watchdog/watchdog.c.obj
LOAD CMakeFiles/SSD1306_test.dir/home/pi/pico/pico-sdk/src/rp2_common/hardware_xosc/xosc.c.obj
LOAD CMakeFiles/SSD1306_test.dir/home/pi/pico/pico-sdk/src/rp2_common/pico_printf/printf.c.obj
LOAD CMakeFiles/SSD1306_test.dir/home/pi/pico/pico-sdk/src/rp2_common/pico_bit_ops/bit_ops_aeabi.S.obj
LOAD CMakeFiles/SSD1306_test.dir/home/pi/pico/pico-sdk/src/rp2_common/pico_bootrom/bootrom.c.obj
LOAD CMakeFiles/SSD1306_test.dir/home/pi/pico/pico-sdk/src/rp2_common/pico_divider/divider.S.obj
LOAD CMakeFiles/SSD1306_test.dir/home/pi/pico/pico-sdk/src/rp2_common/pico_double/double_aeabi.S.obj
LOAD CMakeFiles/SSD1306_test.dir/home/pi/pico/pico-sdk/src/rp2_common/pico_double/double_init_rom.c.obj
LOAD CMakeFiles/SSD1306_test.dir/home/pi/pico/pico-sdk/src/rp2_common/pico_double/double_math.c.obj
LOAD CMakeFiles/SSD1306_test.dir/home/pi/pico/pico-sdk/src/rp2_common/pico_double/double_v1_rom_shim.S.obj
LOAD CMakeFiles/SSD1306_test.dir/home/pi/pico/pico-sdk/src/rp2_common/pico_int64_ops/pico_int64_ops_aeabi.S.obj
LOAD CMakeFiles/SSD1306_test.dir/home/pi/pico/pico-sdk/src/rp2_common/pico_float/float_aeabi.S.obj
LOAD CMakeFiles/SSD1306_test.dir/home/pi/pico/pico-sdk/src/rp2_common/pico_float/float_init_rom.c.obj
LOAD CMakeFiles/SSD1306_test.dir/home/pi/pico/pico-sdk/src/rp2_common/pico_float/float_math.c.obj
LOAD CMakeFiles/SSD1306_test.dir/home/pi/pico/pico-sdk/src/rp2_common/pico_float/float_v1_rom_shim.S.obj
LOAD CMakeFiles/SSD1306_test.dir/home/pi/pico/pico-sdk/src/rp2_common/pico_malloc/pico_malloc.c.obj
LOAD CMakeFiles/SSD1306_test.dir/home/pi/pico/pico-sdk/src/rp2_common/pico_mem_ops/mem_ops_aeabi.S.obj
LOAD CMakeFiles/SSD1306_test.dir/home/pi/pico/pico-sdk/src/rp2_common/pico_standard_link/crt0.S.obj
LOAD CMakeFiles/SSD1306_test.dir/home/pi/pico/pico-sdk/src/rp2_common/pico_standard_link/new_delete.cpp.obj
LOAD CMakeFiles/SSD1306_test.dir/home/pi/pico/pico-sdk/src/rp2_common/pico_standard_link/binary_info.c.obj
LOAD CMakeFiles/SSD1306_test.dir/home/pi/pico/pico-sdk/src/rp2_common/pico_stdio/stdio.c.obj
LOAD CMakeFiles/SSD1306_test.dir/home/pi/pico/pico-sdk/src/rp2_common/pico_stdio_uart/stdio_uart.c.obj
LOAD CMakeFiles/SSD1306_test.dir/home/pi/pico/pico-sdk/src/rp2_common/hardware_spi/spi.c.obj
LOAD /tmp/cc8LSO91.o
LOAD /usr/lib/gcc/arm-none-eabi/7.3.1/../../../arm-none-eabi/lib/thumb/v6-m/libstdc++.a
LOAD /usr/lib/gcc/arm-none-eabi/7.3.1/../../../arm-none-eabi/lib/thumb/v6-m/libm.a
START GROUP
LOAD /usr/lib/gcc/arm-none-eabi/7.3.1/thumb/v6-m/libgcc.a
LOAD /usr/lib/gcc/arm-none-eabi/7.3.1/../../../arm-none-eabi/lib/thumb/v6-m/libg.a
LOAD /usr/lib/gcc/arm-none-eabi/7.3.1/../../../arm-none-eabi/lib/thumb/v6-m/libc.a
END GROUP
START GROUP
LOAD /usr/lib/gcc/arm-none-eabi/7.3.1/thumb/v6-m/libgcc.a
LOAD /usr/lib/gcc/arm-none-eabi/7.3.1/../../../arm-none-eabi/lib/thumb/v6-m/libc.a
LOAD /usr/lib/gcc/arm-none-eabi/7.3.1/../../../arm-none-eabi/lib/thumb/v6-m/libnosys.a
END GROUP
LOAD /usr/lib/gcc/arm-none-eabi/7.3.1/thumb/v6-m/crtend.o
LOAD /usr/lib/gcc/arm-none-eabi/7.3.1/thumb/v6-m/crtn.o
OUTPUT(SSD1306_test.elf elf32-littlearm)

.ARM.attributes
                0x00000000       0x28
 .ARM.attributes
                0x00000000       0x1e /usr/lib/gcc/arm-none-eabi/7.3.1/thumb/v6-m/crti.o
 .ARM.attributes
                0x0000001e       0x2c /usr/lib/gcc/arm-none-eabi/7.3.1/thumb/v6-m/crtbegin.o
 .ARM.attributes
                0x0000004a       0x32 CMakeFiles/SSD1306_test.dir/SSD1306_test.c.obj
 .ARM.attributes
                0x0000007c       0x32 CMakeFiles/SSD1306_test.dir/OLED_128X64.c.obj
 .ARM.attributes
                0x000000ae       0x32 CMakeFiles/SSD1306_test.dir/home/pi/pico/pico-sdk/src/rp2_common/hardware_gpio/gpio.c.obj
 .ARM.attributes
                0x000000e0       0x32 CMakeFiles/SSD1306_test.dir/home/pi/pico/pico-sdk/src/rp2_common/hardware_claim/claim.c.obj
 .ARM.attributes
                0x00000112       0x32 CMakeFiles/SSD1306_test.dir/home/pi/pico/pico-sdk/src/rp2_common/pico_platform/platform.c.obj
 .ARM.attributes
                0x00000144       0x32 CMakeFiles/SSD1306_test.dir/home/pi/pico/pico-sdk/src/rp2_common/hardware_sync/sync.c.obj
 .ARM.attributes
                0x00000176       0x32 CMakeFiles/SSD1306_test.dir/home/pi/pico/pico-sdk/src/common/pico_time/time.c.obj
 .ARM.attributes
                0x000001a8       0x32 CMakeFiles/SSD1306_test.dir/home/pi/pico/pico-sdk/src/rp2_common/hardware_timer/timer.c.obj
 .ARM.attributes
                0x000001da       0x32 CMakeFiles/SSD1306_test.dir/home/pi/pico/pico-sdk/src/common/pico_sync/lock_core.c.obj
 .ARM.attributes
                0x0000020c       0x32 CMakeFiles/SSD1306_test.dir/home/pi/pico/pico-sdk/src/common/pico_sync/mutex.c.obj
 .ARM.attributes
                0x0000023e       0x32 CMakeFiles/SSD1306_test.dir/home/pi/pico/pico-sdk/src/common/pico_util/pheap.c.obj
 .ARM.attributes
                0x00000270       0x32 CMakeFiles/SSD1306_test.dir/home/pi/pico/pico-sdk/src/rp2_common/pico_runtime/runtime.c.obj
 .ARM.attributes
                0x000002a2       0x32 CMakeFiles/SSD1306_test.dir/home/pi/pico/pico-sdk/src/rp2_common/hardware_clocks/clocks.c.obj
 .ARM.attributes
                0x000002d4       0x32 CMakeFiles/SSD1306_test.dir/home/pi/pico/pico-sdk/src/rp2_common/hardware_irq/irq.c.obj
 .ARM.attributes
                0x00000306       0x22 CMakeFiles/SSD1306_test.dir/home/pi/pico/pico-sdk/src/rp2_common/hardware_irq/irq_handler_chain.S.obj
 .ARM.attributes
                0x00000328       0x32 CMakeFiles/SSD1306_test.dir/home/pi/pico/pico-sdk/src/rp2_common/hardware_pll/pll.c.obj
 .ARM.attributes
                0x0000035a       0x32 CMakeFiles/SSD1306_test.dir/home/pi/pico/pico-sdk/src/rp2_common/hardware_watchdog/watchdog.c.obj
 .ARM.attributes
                0x0000038c       0x32 CMakeFiles/SSD1306_test.dir/home/pi/pico/pico-sdk/src/rp2_common/hardware_xosc/xosc.c.obj
 .ARM.attributes
                0x000003be       0x32 CMakeFiles/SSD1306_test.dir/home/pi/pico/pico-sdk/src/rp2_common/pico_printf/printf.c.obj
 .ARM.attributes
                0x000003f0       0x22 CMakeFiles/SSD1306_test.dir/home/pi/pico/pico-sdk/src/rp2_common/pico_bit_ops/bit_ops_aeabi.S.obj
 .ARM.attributes
                0x00000412       0x32 CMakeFiles/SSD1306_test.dir/home/pi/pico/pico-sdk/src/rp2_common/pico_bootrom/bootrom.c.obj
 .ARM.attributes
                0x00000444       0x22 CMakeFiles/SSD1306_test.dir/home/pi/pico/pico-sdk/src/rp2_common/pico_divider/divider.S.obj
 .ARM.attributes
                0x00000466       0x22 CMakeFiles/SSD1306_test.dir/home/pi/pico/pico-sdk/src/rp2_common/pico_double/double_aeabi.S.obj
 .ARM.attributes
                0x00000488       0x32 CMakeFiles/SSD1306_test.dir/home/pi/pico/pico-sdk/src/rp2_common/pico_double/double_init_rom.c.obj
 .ARM.attributes
                0x000004ba       0x22 CMakeFiles/SSD1306_test.dir/home/pi/pico/pico-sdk/src/rp2_common/pico_double/double_v1_rom_shim.S.obj
 .ARM.attributes
                0x000004dc       0x22 CMakeFiles/SSD1306_test.dir/home/pi/pico/pico-sdk/src/rp2_common/pico_int64_ops/pico_int64_ops_aeabi.S.obj
 .ARM.attributes
                0x000004fe       0x22 CMakeFiles/SSD1306_test.dir/home/pi/pico/pico-sdk/src/rp2_common/pico_float/float_aeabi.S.obj
 .ARM.attributes
                0x00000520       0x32 CMakeFiles/SSD1306_test.dir/home/pi/pico/pico-sdk/src/rp2_common/pico_float/float_init_rom.c.obj
 .ARM.attributes
                0x00000552       0x22 CMakeFiles/SSD1306_test.dir/home/pi/pico/pico-sdk/src/rp2_common/pico_float/float_v1_rom_shim.S.obj
 .ARM.attributes
                0x00000574       0x22 CMakeFiles/SSD1306_test.dir/home/pi/pico/pico-sdk/src/rp2_common/pico_mem_ops/mem_ops_aeabi.S.obj
 .ARM.attributes
                0x00000596       0x22 CMakeFiles/SSD1306_test.dir/home/pi/pico/pico-sdk/src/rp2_common/pico_standard_link/crt0.S.obj
 .ARM.attributes
                0x000005b8       0x32 CMakeFiles/SSD1306_test.dir/home/pi/pico/pico-sdk/src/rp2_common/pico_standard_link/binary_info.c.obj
 .ARM.attributes
                0x000005ea       0x32 CMakeFiles/SSD1306_test.dir/home/pi/pico/pico-sdk/src/rp2_common/pico_stdio/stdio.c.obj
 .ARM.attributes
                0x0000061c       0x32 CMakeFiles/SSD1306_test.dir/home/pi/pico/pico-sdk/src/rp2_common/hardware_spi/spi.c.obj
 .ARM.attributes
                0x0000064e       0x22 /tmp/cc8LSO91.o
 .ARM.attributes
                0x00000670       0x1e /usr/lib/gcc/arm-none-eabi/7.3.1/thumb/v6-m/libgcc.a(_dvmd_tls.o)
 .ARM.attributes
                0x0000068e       0x2c /usr/lib/gcc/arm-none-eabi/7.3.1/../../../arm-none-eabi/lib/thumb/v6-m/libg.a(lib_a-strlen-stub.o)
 .ARM.attributes
                0x000006ba       0x2c /usr/lib/gcc/arm-none-eabi/7.3.1/thumb/v6-m/crtend.o

.comment        0x00000000       0xae
 .comment       0x00000000       0x57 /usr/lib/gcc/arm-none-eabi/7.3.1/thumb/v6-m/crtbegin.o
                                 0x58 (size before relaxing)
 .comment       0x00000057       0x58 CMakeFiles/SSD1306_test.dir/SSD1306_test.c.obj
 .comment       0x00000057       0x58 CMakeFiles/SSD1306_test.dir/OLED_128X64.c.obj
 .comment       0x00000057       0x58 CMakeFiles/SSD1306_test.dir/home/pi/pico/pico-sdk/src/rp2_common/hardware_gpio/gpio.c.obj
 .comment       0x00000057       0x58 CMakeFiles/SSD1306_test.dir/home/pi/pico/pico-sdk/src/rp2_common/hardware_claim/claim.c.obj
 .comment       0x00000057       0x58 CMakeFiles/SSD1306_test.dir/home/pi/pico/pico-sdk/src/rp2_common/pico_platform/platform.c.obj
 .comment       0x00000057       0x58 CMakeFiles/SSD1306_test.dir/home/pi/pico/pico-sdk/src/rp2_common/hardware_sync/sync.c.obj
 .comment       0x00000057       0x58 CMakeFiles/SSD1306_test.dir/home/pi/pico/pico-sdk/src/common/pico_time/time.c.obj
 .comment       0x00000057       0x58 CMakeFiles/SSD1306_test.dir/home/pi/pico/pico-sdk/src/rp2_common/hardware_timer/timer.c.obj
 .comment       0x00000057       0x58 CMakeFiles/SSD1306_test.dir/home/pi/pico/pico-sdk/src/common/pico_sync/lock_core.c.obj
 .comment       0x00000057       0x58 CMakeFiles/SSD1306_test.dir/home/pi/pico/pico-sdk/src/common/pico_sync/mutex.c.obj
 .comment       0x00000057       0x58 CMakeFiles/SSD1306_test.dir/home/pi/pico/pico-sdk/src/common/pico_util/pheap.c.obj
 .comment       0x00000057       0x58 CMakeFiles/SSD1306_test.dir/home/pi/pico/pico-sdk/src/rp2_common/pico_runtime/runtime.c.obj
 .comment       0x00000057       0x58 CMakeFiles/SSD1306_test.dir/home/pi/pico/pico-sdk/src/rp2_common/hardware_clocks/clocks.c.obj
 .comment       0x00000057       0x58 CMakeFiles/SSD1306_test.dir/home/pi/pico/pico-sdk/src/rp2_common/hardware_irq/irq.c.obj
 .comment       0x00000057       0x58 CMakeFiles/SSD1306_test.dir/home/pi/pico/pico-sdk/src/rp2_common/hardware_pll/pll.c.obj
 .comment       0x00000057       0x58 CMakeFiles/SSD1306_test.dir/home/pi/pico/pico-sdk/src/rp2_common/hardware_watchdog/watchdog.c.obj
 .comment       0x00000057       0x58 CMakeFiles/SSD1306_test.dir/home/pi/pico/pico-sdk/src/rp2_common/hardware_xosc/xosc.c.obj
 .comment       0x00000057       0x58 CMakeFiles/SSD1306_test.dir/home/pi/pico/pico-sdk/src/rp2_common/pico_printf/printf.c.obj
 .comment       0x00000057       0x58 CMakeFiles/SSD1306_test.dir/home/pi/pico/pico-sdk/src/rp2_common/pico_bootrom/bootrom.c.obj
 .comment       0x00000057       0x58 CMakeFiles/SSD1306_test.dir/home/pi/pico/pico-sdk/src/rp2_common/pico_double/double_init_rom.c.obj
 .comment       0x00000057       0x58 CMakeFiles/SSD1306_test.dir/home/pi/pico/pico-sdk/src/rp2_common/pico_float/float_init_rom.c.obj
 .comment       0x00000057       0x58 CMakeFiles/SSD1306_test.dir/home/pi/pico/pico-sdk/src/rp2_common/pico_standard_link/binary_info.c.obj
 .comment       0x00000057       0x58 CMakeFiles/SSD1306_test.dir/home/pi/pico/pico-sdk/src/rp2_common/pico_stdio/stdio.c.obj
 .comment       0x00000057       0x58 CMakeFiles/SSD1306_test.dir/home/pi/pico/pico-sdk/src/rp2_common/hardware_spi/spi.c.obj
 .comment       0x00000057       0x57 /usr/lib/gcc/arm-none-eabi/7.3.1/../../../arm-none-eabi/lib/thumb/v6-m/libg.a(lib_a-strlen-stub.o)
                                 0x58 (size before relaxing)
 .comment       0x000000ae       0x58 /usr/lib/gcc/arm-none-eabi/7.3.1/thumb/v6-m/crtend.o

.debug_info     0x00000000    0x17548
 .debug_info    0x00000000     0x1207 CMakeFiles/SSD1306_test.dir/SSD1306_test.c.obj
 .debug_info    0x00001207     0x234f CMakeFiles/SSD1306_test.dir/OLED_128X64.c.obj
 .debug_info    0x00003556     0x1169 CMakeFiles/SSD1306_test.dir/home/pi/pico/pico-sdk/src/rp2_common/hardware_gpio/gpio.c.obj
 .debug_info    0x000046bf      0x5d7 CMakeFiles/SSD1306_test.dir/home/pi/pico/pico-sdk/src/rp2_common/hardware_claim/claim.c.obj
 .debug_info    0x00004c96      0x1c6 CMakeFiles/SSD1306_test.dir/home/pi/pico/pico-sdk/src/rp2_common/pico_platform/platform.c.obj
 .debug_info    0x00004e5c      0x508 CMakeFiles/SSD1306_test.dir/home/pi/pico/pico-sdk/src/rp2_common/hardware_sync/sync.c.obj
 .debug_info    0x00005364     0x3a95 CMakeFiles/SSD1306_test.dir/home/pi/pico/pico-sdk/src/common/pico_time/time.c.obj
 .debug_info    0x00008df9      0xe5f CMakeFiles/SSD1306_test.dir/home/pi/pico/pico-sdk/src/rp2_common/hardware_timer/timer.c.obj
 .debug_info    0x00009c58      0x1e8 CMakeFiles/SSD1306_test.dir/home/pi/pico/pico-sdk/src/common/pico_sync/lock_core.c.obj
 .debug_info    0x00009e40     0x108d CMakeFiles/SSD1306_test.dir/home/pi/pico/pico-sdk/src/common/pico_sync/mutex.c.obj
 .debug_info    0x0000aecd     0x1842 CMakeFiles/SSD1306_test.dir/home/pi/pico/pico-sdk/src/common/pico_util/pheap.c.obj
 .debug_info    0x0000c70f     0x1111 CMakeFiles/SSD1306_test.dir/home/pi/pico/pico-sdk/src/rp2_common/pico_runtime/runtime.c.obj
 .debug_info    0x0000d820      0xd65 CMakeFiles/SSD1306_test.dir/home/pi/pico/pico-sdk/src/rp2_common/hardware_clocks/clocks.c.obj
 .debug_info    0x0000e585     0x15bd CMakeFiles/SSD1306_test.dir/home/pi/pico/pico-sdk/src/rp2_common/hardware_irq/irq.c.obj
 .debug_info    0x0000fb42       0x26 CMakeFiles/SSD1306_test.dir/home/pi/pico/pico-sdk/src/rp2_common/hardware_irq/irq_handler_chain.S.obj
 .debug_info    0x0000fb68      0x453 CMakeFiles/SSD1306_test.dir/home/pi/pico/pico-sdk/src/rp2_common/hardware_pll/pll.c.obj
 .debug_info    0x0000ffbb      0xc21 CMakeFiles/SSD1306_test.dir/home/pi/pico/pico-sdk/src/rp2_common/hardware_watchdog/watchdog.c.obj
 .debug_info    0x00010bdc      0x1b7 CMakeFiles/SSD1306_test.dir/home/pi/pico/pico-sdk/src/rp2_common/hardware_xosc/xosc.c.obj
 .debug_info    0x00010d93     0x1d4b CMakeFiles/SSD1306_test.dir/home/pi/pico/pico-sdk/src/rp2_common/pico_printf/printf.c.obj
 .debug_info    0x00012ade       0x22 CMakeFiles/SSD1306_test.dir/home/pi/pico/pico-sdk/src/rp2_common/pico_bit_ops/bit_ops_aeabi.S.obj
 .debug_info    0x00012b00      0x1f5 CMakeFiles/SSD1306_test.dir/home/pi/pico/pico-sdk/src/rp2_common/pico_bootrom/bootrom.c.obj
 .debug_info    0x00012cf5       0x22 CMakeFiles/SSD1306_test.dir/home/pi/pico/pico-sdk/src/rp2_common/pico_divider/divider.S.obj
 .debug_info    0x00012d17       0x22 CMakeFiles/SSD1306_test.dir/home/pi/pico/pico-sdk/src/rp2_common/pico_double/double_aeabi.S.obj
 .debug_info    0x00012d39      0xa8a CMakeFiles/SSD1306_test.dir/home/pi/pico/pico-sdk/src/rp2_common/pico_double/double_init_rom.c.obj
 .debug_info    0x000137c3       0x22 CMakeFiles/SSD1306_test.dir/home/pi/pico/pico-sdk/src/rp2_common/pico_double/double_v1_rom_shim.S.obj
 .debug_info    0x000137e5       0x26 CMakeFiles/SSD1306_test.dir/home/pi/pico/pico-sdk/src/rp2_common/pico_int64_ops/pico_int64_ops_aeabi.S.obj
 .debug_info    0x0001380b       0x22 CMakeFiles/SSD1306_test.dir/home/pi/pico/pico-sdk/src/rp2_common/pico_float/float_aeabi.S.obj
 .debug_info    0x0001382d      0xacc CMakeFiles/SSD1306_test.dir/home/pi/pico/pico-sdk/src/rp2_common/pico_float/float_init_rom.c.obj
 .debug_info    0x000142f9       0x22 CMakeFiles/SSD1306_test.dir/home/pi/pico/pico-sdk/src/rp2_common/pico_float/float_v1_rom_shim.S.obj
 .debug_info    0x0001431b       0x22 CMakeFiles/SSD1306_test.dir/home/pi/pico/pico-sdk/src/rp2_common/pico_mem_ops/mem_ops_aeabi.S.obj
 .debug_info    0x0001433d       0x22 CMakeFiles/SSD1306_test.dir/home/pi/pico/pico-sdk/src/rp2_common/pico_standard_link/crt0.S.obj
 .debug_info    0x0001435f      0x2cc CMakeFiles/SSD1306_test.dir/home/pi/pico/pico-sdk/src/rp2_common/pico_standard_link/binary_info.c.obj
 .debug_info    0x0001462b     0x179f CMakeFiles/SSD1306_test.dir/home/pi/pico/pico-sdk/src/rp2_common/pico_stdio/stdio.c.obj
 .debug_info    0x00015dca      0xe76 CMakeFiles/SSD1306_test.dir/home/pi/pico/pico-sdk/src/rp2_common/hardware_spi/spi.c.obj
 .debug_info    0x00016c40       0x26 /usr/lib/gcc/arm-none-eabi/7.3.1/thumb/v6-m/libgcc.a(_dvmd_tls.o)
 .debug_info    0x00016c66      0x8e2 /usr/lib/gcc/arm-none-eabi/7.3.1/../../../arm-none-eabi/lib/thumb/v6-m/libg.a(lib_a-strlen-stub.o)

.debug_abbrev   0x00000000     0x4195
 .debug_abbrev  0x00000000      0x221 CMakeFiles/SSD1306_test.dir/SSD1306_test.c.obj
 .debug_abbrev  0x00000221      0x37b CMakeFiles/SSD1306_test.dir/OLED_128X64.c.obj
 .debug_abbrev  0x0000059c      0x287 CMakeFiles/SSD1306_test.dir/home/pi/pico/pico-sdk/src/rp2_common/hardware_gpio/gpio.c.obj
 .debug_abbrev  0x00000823      0x254 CMakeFiles/SSD1306_test.dir/home/pi/pico/pico-sdk/src/rp2_common/hardware_claim/claim.c.obj
 .debug_abbrev  0x00000a77       0xde CMakeFiles/SSD1306_test.dir/home/pi/pico/pico-sdk/src/rp2_common/pico_platform/platform.c.obj
 .debug_abbrev  0x00000b55      0x1e8 CMakeFiles/SSD1306_test.dir/home/pi/pico/pico-sdk/src/rp2_common/hardware_sync/sync.c.obj
 .debug_abbrev  0x00000d3d      0x57c CMakeFiles/SSD1306_test.dir/home/pi/pico/pico-sdk/src/common/pico_time/time.c.obj
 .debug_abbrev  0x000012b9      0x300 CMakeFiles/SSD1306_test.dir/home/pi/pico/pico-sdk/src/rp2_common/hardware_timer/timer.c.obj
 .debug_abbrev  0x000015b9      0x12d CMakeFiles/SSD1306_test.dir/home/pi/pico/pico-sdk/src/common/pico_sync/lock_core.c.obj
 .debug_abbrev  0x000016e6      0x329 CMakeFiles/SSD1306_test.dir/home/pi/pico/pico-sdk/src/common/pico_sync/mutex.c.obj
 .debug_abbrev  0x00001a0f      0x376 CMakeFiles/SSD1306_test.dir/home/pi/pico/pico-sdk/src/common/pico_util/pheap.c.obj
 .debug_abbrev  0x00001d85      0x3d5 CMakeFiles/SSD1306_test.dir/home/pi/pico/pico-sdk/src/rp2_common/pico_runtime/runtime.c.obj
 .debug_abbrev  0x0000215a      0x330 CMakeFiles/SSD1306_test.dir/home/pi/pico/pico-sdk/src/rp2_common/hardware_clocks/clocks.c.obj
 .debug_abbrev  0x0000248a      0x3dc CMakeFiles/SSD1306_test.dir/home/pi/pico/pico-sdk/src/rp2_common/hardware_irq/irq.c.obj
 .debug_abbrev  0x00002866       0x14 CMakeFiles/SSD1306_test.dir/home/pi/pico/pico-sdk/src/rp2_common/hardware_irq/irq_handler_chain.S.obj
 .debug_abbrev  0x0000287a      0x1a0 CMakeFiles/SSD1306_test.dir/home/pi/pico/pico-sdk/src/rp2_common/hardware_pll/pll.c.obj
 .debug_abbrev  0x00002a1a      0x27f CMakeFiles/SSD1306_test.dir/home/pi/pico/pico-sdk/src/rp2_common/hardware_watchdog/watchdog.c.obj
 .debug_abbrev  0x00002c99       0xec CMakeFiles/SSD1306_test.dir/home/pi/pico/pico-sdk/src/rp2_common/hardware_xosc/xosc.c.obj
 .debug_abbrev  0x00002d85      0x402 CMakeFiles/SSD1306_test.dir/home/pi/pico/pico-sdk/src/rp2_common/pico_printf/printf.c.obj
 .debug_abbrev  0x00003187       0x12 CMakeFiles/SSD1306_test.dir/home/pi/pico/pico-sdk/src/rp2_common/pico_bit_ops/bit_ops_aeabi.S.obj
 .debug_abbrev  0x00003199       0xe3 CMakeFiles/SSD1306_test.dir/home/pi/pico/pico-sdk/src/rp2_common/pico_bootrom/bootrom.c.obj
 .debug_abbrev  0x0000327c       0x12 CMakeFiles/SSD1306_test.dir/home/pi/pico/pico-sdk/src/rp2_common/pico_divider/divider.S.obj
 .debug_abbrev  0x0000328e       0x12 CMakeFiles/SSD1306_test.dir/home/pi/pico/pico-sdk/src/rp2_common/pico_double/double_aeabi.S.obj
 .debug_abbrev  0x000032a0      0x267 CMakeFiles/SSD1306_test.dir/home/pi/pico/pico-sdk/src/rp2_common/pico_double/double_init_rom.c.obj
 .debug_abbrev  0x00003507       0x12 CMakeFiles/SSD1306_test.dir/home/pi/pico/pico-sdk/src/rp2_common/pico_double/double_v1_rom_shim.S.obj
 .debug_abbrev  0x00003519       0x14 CMakeFiles/SSD1306_test.dir/home/pi/pico/pico-sdk/src/rp2_common/pico_int64_ops/pico_int64_ops_aeabi.S.obj
 .debug_abbrev  0x0000352d       0x12 CMakeFiles/SSD1306_test.dir/home/pi/pico/pico-sdk/src/rp2_common/pico_float/float_aeabi.S.obj
 .debug_abbrev  0x0000353f      0x281 CMakeFiles/SSD1306_test.dir/home/pi/pico/pico-sdk/src/rp2_common/pico_float/float_init_rom.c.obj
 .debug_abbrev  0x000037c0       0x12 CMakeFiles/SSD1306_test.dir/home/pi/pico/pico-sdk/src/rp2_common/pico_float/float_v1_rom_shim.S.obj
 .debug_abbrev  0x000037d2       0x12 CMakeFiles/SSD1306_test.dir/home/pi/pico/pico-sdk/src/rp2_common/pico_mem_ops/mem_ops_aeabi.S.obj
 .debug_abbrev  0x000037e4       0x12 CMakeFiles/SSD1306_test.dir/home/pi/pico/pico-sdk/src/rp2_common/pico_standard_link/crt0.S.obj
 .debug_abbrev  0x000037f6       0x9f CMakeFiles/SSD1306_test.dir/home/pi/pico/pico-sdk/src/rp2_common/pico_standard_link/binary_info.c.obj
 .debug_abbrev  0x00003895      0x4b6 CMakeFiles/SSD1306_test.dir/home/pi/pico/pico-sdk/src/rp2_common/pico_stdio/stdio.c.obj
 .debug_abbrev  0x00003d4b      0x27e CMakeFiles/SSD1306_test.dir/home/pi/pico/pico-sdk/src/rp2_common/hardware_spi/spi.c.obj
 .debug_abbrev  0x00003fc9       0x14 /usr/lib/gcc/arm-none-eabi/7.3.1/thumb/v6-m/libgcc.a(_dvmd_tls.o)
 .debug_abbrev  0x00003fdd      0x1b8 /usr/lib/gcc/arm-none-eabi/7.3.1/../../../arm-none-eabi/lib/thumb/v6-m/libg.a(lib_a-strlen-stub.o)

.debug_loc      0x00000000     0xb1c1
 .debug_loc     0x00000000       0xdb CMakeFiles/SSD1306_test.dir/SSD1306_test.c.obj
 .debug_loc     0x000000db     0x124a CMakeFiles/SSD1306_test.dir/OLED_128X64.c.obj
 .debug_loc     0x00001325      0xd1a CMakeFiles/SSD1306_test.dir/home/pi/pico/pico-sdk/src/rp2_common/hardware_gpio/gpio.c.obj
 .debug_loc     0x0000203f      0x371 CMakeFiles/SSD1306_test.dir/home/pi/pico/pico-sdk/src/rp2_common/hardware_claim/claim.c.obj
 .debug_loc     0x000023b0       0xcf CMakeFiles/SSD1306_test.dir/home/pi/pico/pico-sdk/src/rp2_common/pico_platform/platform.c.obj
 .debug_loc     0x0000247f      0x196 CMakeFiles/SSD1306_test.dir/home/pi/pico/pico-sdk/src/rp2_common/hardware_sync/sync.c.obj
 .debug_loc     0x00002615     0x2365 CMakeFiles/SSD1306_test.dir/home/pi/pico/pico-sdk/src/common/pico_time/time.c.obj
 .debug_loc     0x0000497a      0x59d CMakeFiles/SSD1306_test.dir/home/pi/pico/pico-sdk/src/rp2_common/hardware_timer/timer.c.obj
 .debug_loc     0x00004f17       0x56 CMakeFiles/SSD1306_test.dir/home/pi/pico/pico-sdk/src/common/pico_sync/lock_core.c.obj
 .debug_loc     0x00004f6d      0x966 CMakeFiles/SSD1306_test.dir/home/pi/pico/pico-sdk/src/common/pico_sync/mutex.c.obj
 .debug_loc     0x000058d3      0xfd7 CMakeFiles/SSD1306_test.dir/home/pi/pico/pico-sdk/src/common/pico_util/pheap.c.obj
 .debug_loc     0x000068aa      0x2bd CMakeFiles/SSD1306_test.dir/home/pi/pico/pico-sdk/src/rp2_common/pico_runtime/runtime.c.obj
 .debug_loc     0x00006b67      0x66e CMakeFiles/SSD1306_test.dir/home/pi/pico/pico-sdk/src/rp2_common/hardware_clocks/clocks.c.obj
 .debug_loc     0x000071d5      0xba7 CMakeFiles/SSD1306_test.dir/home/pi/pico/pico-sdk/src/rp2_common/hardware_irq/irq.c.obj
 .debug_loc     0x00007d7c      0x28f CMakeFiles/SSD1306_test.dir/home/pi/pico/pico-sdk/src/rp2_common/hardware_pll/pll.c.obj
 .debug_loc     0x0000800b      0x221 CMakeFiles/SSD1306_test.dir/home/pi/pico/pico-sdk/src/rp2_common/hardware_watchdog/watchdog.c.obj
 .debug_loc     0x0000822c       0x35 CMakeFiles/SSD1306_test.dir/home/pi/pico/pico-sdk/src/rp2_common/hardware_xosc/xosc.c.obj
 .debug_loc     0x00008261     0x1b4a CMakeFiles/SSD1306_test.dir/home/pi/pico/pico-sdk/src/rp2_common/pico_printf/printf.c.obj
 .debug_loc     0x00009dab      0x145 CMakeFiles/SSD1306_test.dir/home/pi/pico/pico-sdk/src/rp2_common/pico_bootrom/bootrom.c.obj
 .debug_loc     0x00009ef0       0x4f CMakeFiles/SSD1306_test.dir/home/pi/pico/pico-sdk/src/rp2_common/pico_double/double_init_rom.c.obj
 .debug_loc     0x00009f3f       0x65 CMakeFiles/SSD1306_test.dir/home/pi/pico/pico-sdk/src/rp2_common/pico_float/float_init_rom.c.obj
 .debug_loc     0x00009fa4      0x8e0 CMakeFiles/SSD1306_test.dir/home/pi/pico/pico-sdk/src/rp2_common/pico_stdio/stdio.c.obj
 .debug_loc     0x0000a884      0x8a9 CMakeFiles/SSD1306_test.dir/home/pi/pico/pico-sdk/src/rp2_common/hardware_spi/spi.c.obj
 .debug_loc     0x0000b12d       0x94 /usr/lib/gcc/arm-none-eabi/7.3.1/../../../arm-none-eabi/lib/thumb/v6-m/libg.a(lib_a-strlen-stub.o)

.debug_aranges  0x00000000      0xe48
 .debug_aranges
                0x00000000       0x20 CMakeFiles/SSD1306_test.dir/SSD1306_test.c.obj
 .debug_aranges
                0x00000020       0xf8 CMakeFiles/SSD1306_test.dir/OLED_128X64.c.obj
 .debug_aranges
                0x00000118       0xd8 CMakeFiles/SSD1306_test.dir/home/pi/pico/pico-sdk/src/rp2_common/hardware_gpio/gpio.c.obj
 .debug_aranges
                0x000001f0       0x48 CMakeFiles/SSD1306_test.dir/home/pi/pico/pico-sdk/src/rp2_common/hardware_claim/claim.c.obj
 .debug_aranges
                0x00000238       0x28 CMakeFiles/SSD1306_test.dir/home/pi/pico/pico-sdk/src/rp2_common/pico_platform/platform.c.obj
 .debug_aranges
                0x00000260       0x58 CMakeFiles/SSD1306_test.dir/home/pi/pico/pico-sdk/src/rp2_common/hardware_sync/sync.c.obj
 .debug_aranges
                0x000002b8       0xd0 CMakeFiles/SSD1306_test.dir/home/pi/pico/pico-sdk/src/common/pico_time/time.c.obj
 .debug_aranges
                0x00000388       0x78 CMakeFiles/SSD1306_test.dir/home/pi/pico/pico-sdk/src/rp2_common/hardware_timer/timer.c.obj
 .debug_aranges
                0x00000400       0x20 CMakeFiles/SSD1306_test.dir/home/pi/pico/pico-sdk/src/common/pico_sync/lock_core.c.obj
 .debug_aranges
                0x00000420       0x60 CMakeFiles/SSD1306_test.dir/home/pi/pico/pico-sdk/src/common/pico_sync/mutex.c.obj
 .debug_aranges
                0x00000480       0x78 CMakeFiles/SSD1306_test.dir/home/pi/pico/pico-sdk/src/common/pico_util/pheap.c.obj
 .debug_aranges
                0x000004f8       0x60 CMakeFiles/SSD1306_test.dir/home/pi/pico/pico-sdk/src/rp2_common/pico_runtime/runtime.c.obj
 .debug_aranges
                0x00000558       0x70 CMakeFiles/SSD1306_test.dir/home/pi/pico/pico-sdk/src/rp2_common/hardware_clocks/clocks.c.obj
 .debug_aranges
                0x000005c8       0x90 CMakeFiles/SSD1306_test.dir/home/pi/pico/pico-sdk/src/rp2_common/hardware_irq/irq.c.obj
 .debug_aranges
                0x00000658       0x20 CMakeFiles/SSD1306_test.dir/home/pi/pico/pico-sdk/src/rp2_common/hardware_irq/irq_handler_chain.S.obj
 .debug_aranges
                0x00000678       0x28 CMakeFiles/SSD1306_test.dir/home/pi/pico/pico-sdk/src/rp2_common/hardware_pll/pll.c.obj
 .debug_aranges
                0x000006a0       0x50 CMakeFiles/SSD1306_test.dir/home/pi/pico/pico-sdk/src/rp2_common/hardware_watchdog/watchdog.c.obj
 .debug_aranges
                0x000006f0       0x30 CMakeFiles/SSD1306_test.dir/home/pi/pico/pico-sdk/src/rp2_common/hardware_xosc/xosc.c.obj
 .debug_aranges
                0x00000720       0x90 CMakeFiles/SSD1306_test.dir/home/pi/pico/pico-sdk/src/rp2_common/pico_printf/printf.c.obj
 .debug_aranges
                0x000007b0       0x68 CMakeFiles/SSD1306_test.dir/home/pi/pico/pico-sdk/src/rp2_common/pico_bit_ops/bit_ops_aeabi.S.obj
 .debug_aranges
                0x00000818       0x30 CMakeFiles/SSD1306_test.dir/home/pi/pico/pico-sdk/src/rp2_common/pico_bootrom/bootrom.c.obj
 .debug_aranges
                0x00000848       0x40 CMakeFiles/SSD1306_test.dir/home/pi/pico/pico-sdk/src/rp2_common/pico_divider/divider.S.obj
 .debug_aranges
                0x00000888      0x140 CMakeFiles/SSD1306_test.dir/home/pi/pico/pico-sdk/src/rp2_common/pico_double/double_aeabi.S.obj
 .debug_aranges
                0x000009c8       0x20 CMakeFiles/SSD1306_test.dir/home/pi/pico/pico-sdk/src/rp2_common/pico_double/double_init_rom.c.obj
 .debug_aranges
                0x000009e8       0xc8 CMakeFiles/SSD1306_test.dir/home/pi/pico/pico-sdk/src/rp2_common/pico_double/double_v1_rom_shim.S.obj
 .debug_aranges
                0x00000ab0       0x20 CMakeFiles/SSD1306_test.dir/home/pi/pico/pico-sdk/src/rp2_common/pico_int64_ops/pico_int64_ops_aeabi.S.obj
 .debug_aranges
                0x00000ad0      0x130 CMakeFiles/SSD1306_test.dir/home/pi/pico/pico-sdk/src/rp2_common/pico_float/float_aeabi.S.obj
 .debug_aranges
                0x00000c00       0x20 CMakeFiles/SSD1306_test.dir/home/pi/pico/pico-sdk/src/rp2_common/pico_float/float_init_rom.c.obj
 .debug_aranges
                0x00000c20       0x50 CMakeFiles/SSD1306_test.dir/home/pi/pico/pico-sdk/src/rp2_common/pico_float/float_v1_rom_shim.S.obj
 .debug_aranges
                0x00000c70       0x38 CMakeFiles/SSD1306_test.dir/home/pi/pico/pico-sdk/src/rp2_common/pico_mem_ops/mem_ops_aeabi.S.obj
 .debug_aranges
                0x00000ca8       0x28 CMakeFiles/SSD1306_test.dir/home/pi/pico/pico-sdk/src/rp2_common/pico_standard_link/crt0.S.obj
 .debug_aranges
                0x00000cd0       0x18 CMakeFiles/SSD1306_test.dir/home/pi/pico/pico-sdk/src/rp2_common/pico_standard_link/binary_info.c.obj
 .debug_aranges
                0x00000ce8       0xb8 CMakeFiles/SSD1306_test.dir/home/pi/pico/pico-sdk/src/rp2_common/pico_stdio/stdio.c.obj
 .debug_aranges
                0x00000da0       0x68 CMakeFiles/SSD1306_test.dir/home/pi/pico/pico-sdk/src/rp2_common/hardware_spi/spi.c.obj
 .debug_aranges
                0x00000e08       0x20 /usr/lib/gcc/arm-none-eabi/7.3.1/thumb/v6-m/libgcc.a(_dvmd_tls.o)
 .debug_aranges
                0x00000e28       0x20 /usr/lib/gcc/arm-none-eabi/7.3.1/../../../arm-none-eabi/lib/thumb/v6-m/libg.a(lib_a-strlen-stub.o)

.debug_ranges   0x00000000     0x1740
 .debug_ranges  0x00000000       0x10 CMakeFiles/SSD1306_test.dir/SSD1306_test.c.obj
 .debug_ranges  0x00000010       0xe8 CMakeFiles/SSD1306_test.dir/OLED_128X64.c.obj
 .debug_ranges  0x000000f8       0xe0 CMakeFiles/SSD1306_test.dir/home/pi/pico/pico-sdk/src/rp2_common/hardware_gpio/gpio.c.obj
 .debug_ranges  0x000001d8       0x38 CMakeFiles/SSD1306_test.dir/home/pi/pico/pico-sdk/src/rp2_common/hardware_claim/claim.c.obj